Component: ARM Compiler 5.06 update 6 (build 750) Tool: armlink [4d35ed]

==============================================================================

Section Cross References

    startup_stm32f10x_hd.o(STACK) refers (Special) to heapauxi.o(.text) for __use_two_region_memory
    startup_stm32f10x_hd.o(HEAP) refers (Special) to heapauxi.o(.text) for __use_two_region_memory
    startup_stm32f10x_hd.o(RESET) refers (Special) to heapauxi.o(.text) for __use_two_region_memory
    startup_stm32f10x_hd.o(RESET) refers to startup_stm32f10x_hd.o(STACK) for __initial_sp
    startup_stm32f10x_hd.o(RESET) refers to startup_stm32f10x_hd.o(.text) for Reset_Handler
    startup_stm32f10x_hd.o(RESET) refers to stm32f10x_it.o(i.NMI_Handler) for NMI_Handler
    startup_stm32f10x_hd.o(RESET) refers to stm32f10x_it.o(i.HardFault_Handler) for HardFault_Handler
    startup_stm32f10x_hd.o(RESET) refers to stm32f10x_it.o(i.MemManage_Handler) for MemManage_Handler
    startup_stm32f10x_hd.o(RESET) refers to stm32f10x_it.o(i.BusFault_Handler) for BusFault_Handler
    startup_stm32f10x_hd.o(RESET) refers to stm32f10x_it.o(i.UsageFault_Handler) for UsageFault_Handler
    startup_stm32f10x_hd.o(RESET) refers to hal_cm3.o(.emb_text) for SVC_Handler
    startup_stm32f10x_hd.o(RESET) refers to stm32f10x_it.o(i.DebugMon_Handler) for DebugMon_Handler
    startup_stm32f10x_hd.o(RESET) refers to timer.o(i.TIM3_IRQHandler) for TIM3_IRQHandler
    startup_stm32f10x_hd.o(.text) refers (Special) to heapauxi.o(.text) for __use_two_region_memory
    startup_stm32f10x_hd.o(.text) refers to system_stm32f10x.o(i.SystemInit) for SystemInit
    startup_stm32f10x_hd.o(.text) refers to __main.o(!!!main) for __main
    startup_stm32f10x_hd.o(.text) refers to startup_stm32f10x_hd.o(HEAP) for Heap_Mem
    startup_stm32f10x_hd.o(.text) refers to startup_stm32f10x_hd.o(STACK) for Stack_Mem
    main.o(i.init_task) refers to main.o(i.task1) for task1
    main.o(i.init_task) refers to rt_task.o(i.rt_tsk_create) for rt_tsk_create
    main.o(i.init_task) refers to main.o(.data) for tsk1
    main.o(i.init_task) refers to rt_task.o(i.rt_tsk_pass) for rt_tsk_pass
    main.o(i.main) refers to hal_cm3.o(.emb_text) for os_set_env
    main.o(i.main) refers to main.o(i.init_task) for init_task
    main.o(i.main) refers to rt_task.o(i.rt_sys_init) for rt_sys_init
    main.o(i.task1) refers to aeabi_memset.o(.text) for __aeabi_memset
    main.o(i.task1) refers to rt_memclr.o(.text) for __aeabi_memclr
    main.o(i.task1) refers to w25q64.o(i.SPI_Flash_Init) for SPI_Flash_Init
    main.o(i.task1) refers to w25q64.o(i.SPI_Flash_Write) for SPI_Flash_Write
    main.o(i.task1) refers to w25q64.o(i.SPI_Flash_Read) for SPI_Flash_Read
    main.o(i.task1) refers to main.o(.bss) for write_buf
    main.o(i.task1) refers to rt_task.o(i.rt_tsk_pass) for rt_tsk_pass
    main.o(i.task2) refers to rt_time.o(i.rt_dly_wait) for rt_dly_wait
    system_stm32f10x.o(i.SetSysClock) refers to system_stm32f10x.o(i.SetSysClockTo72) for SetSysClockTo72
    system_stm32f10x.o(i.SystemCoreClockUpdate) refers to system_stm32f10x.o(.data) for SystemCoreClock
    system_stm32f10x.o(i.SystemInit) refers to system_stm32f10x.o(i.SetSysClock) for SetSysClock
    stm32f10x_adc.o(i.ADC_DeInit) refers to stm32f10x_rcc.o(i.RCC_APB2PeriphResetCmd) for RCC_APB2PeriphResetCmd
    stm32f10x_bkp.o(i.BKP_DeInit) refers to stm32f10x_rcc.o(i.RCC_BackupResetCmd) for RCC_BackupResetCmd
    stm32f10x_can.o(i.CAN_DeInit) refers to stm32f10x_rcc.o(i.RCC_APB1PeriphResetCmd) for RCC_APB1PeriphResetCmd
    stm32f10x_can.o(i.CAN_GetITStatus) refers to stm32f10x_can.o(i.CheckITStatus) for CheckITStatus
    stm32f10x_cec.o(i.CEC_DeInit) refers to stm32f10x_rcc.o(i.RCC_APB1PeriphResetCmd) for RCC_APB1PeriphResetCmd
    stm32f10x_dac.o(i.DAC_DeInit) refers to stm32f10x_rcc.o(i.RCC_APB1PeriphResetCmd) for RCC_APB1PeriphResetCmd
    stm32f10x_flash.o(i.FLASH_EnableWriteProtection) refers to stm32f10x_flash.o(i.FLASH_WaitForLastOperation) for FLASH_WaitForLastOperation
    stm32f10x_flash.o(i.FLASH_EraseAllBank1Pages) refers to stm32f10x_flash.o(i.FLASH_WaitForLastBank1Operation) for FLASH_WaitForLastBank1Operation
    stm32f10x_flash.o(i.FLASH_EraseAllPages) refers to stm32f10x_flash.o(i.FLASH_WaitForLastOperation) for FLASH_WaitForLastOperation
    stm32f10x_flash.o(i.FLASH_EraseOptionBytes) refers to stm32f10x_flash.o(i.FLASH_GetReadOutProtectionStatus) for FLASH_GetReadOutProtectionStatus
    stm32f10x_flash.o(i.FLASH_EraseOptionBytes) refers to stm32f10x_flash.o(i.FLASH_WaitForLastOperation) for FLASH_WaitForLastOperation
    stm32f10x_flash.o(i.FLASH_ErasePage) refers to stm32f10x_flash.o(i.FLASH_WaitForLastOperation) for FLASH_WaitForLastOperation
    stm32f10x_flash.o(i.FLASH_ProgramHalfWord) refers to stm32f10x_flash.o(i.FLASH_WaitForLastOperation) for FLASH_WaitForLastOperation
    stm32f10x_flash.o(i.FLASH_ProgramOptionByteData) refers to stm32f10x_flash.o(i.FLASH_WaitForLastOperation) for FLASH_WaitForLastOperation
[...]
    Removing stm32f10x_usart.o(i.USART_SendBreak), (10 bytes).
    Removing stm32f10x_usart.o(i.USART_SendData), (8 bytes).
    Removing stm32f10x_usart.o(i.USART_SetAddress), (18 bytes).
    Removing stm32f10x_usart.o(i.USART_SetGuardTime), (16 bytes).
    Removing stm32f10x_usart.o(i.USART_SetPrescaler), (16 bytes).
    Removing stm32f10x_usart.o(i.USART_SmartCardCmd), (24 bytes).
    Removing stm32f10x_usart.o(i.USART_SmartCardNACKCmd), (24 bytes).
    Removing stm32f10x_usart.o(i.USART_StructInit), (24 bytes).
    Removing stm32f10x_usart.o(i.USART_WakeUpConfig), (18 bytes).
    Removing stm32f10x_wwdg.o(i.WWDG_ClearFlag), (12 bytes).
    Removing stm32f10x_wwdg.o(i.WWDG_DeInit), (22 bytes).
    Removing stm32f10x_wwdg.o(i.WWDG_Enable), (16 bytes).
    Removing stm32f10x_wwdg.o(i.WWDG_EnableIT), (12 bytes).
    Removing stm32f10x_wwdg.o(i.WWDG_GetFlagStatus), (12 bytes).
    Removing stm32f10x_wwdg.o(i.WWDG_SetCounter), (16 bytes).
    Removing stm32f10x_wwdg.o(i.WWDG_SetPrescaler), (24 bytes).
    Removing stm32f10x_wwdg.o(i.WWDG_SetWindowValue), (40 bytes).
    Removing rtx_conf_cm.o(i.__user_perthread_libspace), (36 bytes).
    Removing rtx_conf_cm.o(i._mutex_initialize), (44 bytes).
    Removing hal.o(i.HAL_ClockInit), (10 bytes).
    Removing hal.o(i.HAL_LEDCtrl), (152 bytes).
    Removing hal.o(i.HAL_LEDInit), (172 bytes).
    Removing hal.o(i.HAL_UartInit), (44 bytes).
    Removing hal.o(i.HAL_UartRecvData), (22 bytes).
    Removing hal.o(i.HAL_UartSendData), (22 bytes).
    Removing hal.o(i.HAL_init), (44 bytes).
    Removing hal.o(.bss), (32 bytes).
    Removing led.o(i.LEDCtrl), (88 bytes).
    Removing led.o(i.LEDInit), (96 bytes).
    Removing beep.o(i.Beep), (92 bytes).
    Removing beep.o(i.BeepCtrl), (96 bytes).
    Removing beep.o(i.BeepInit), (64 bytes).
    Removing beep.o(.bss), (16 bytes).
    Removing hc05.o(i.HC05Init), (4 bytes).
    Removing hc05.o(i.HC05Process), (6 bytes).
    Removing rc522.o(i.CalulateCRC), (108 bytes).
    Removing rc522.o(i.ClearBitMask), (28 bytes).
    Removing rc522.o(i.M500PcdConfigISOType), (94 bytes).
    Removing rc522.o(i.PcdAntennaOff), (12 bytes).
    Removing rc522.o(i.PcdAntennaOn), (26 bytes).
    Removing rc522.o(i.PcdAnticoll), (112 bytes).
    Removing rc522.o(i.PcdAuthState), (92 bytes).
    Removing rc522.o(i.PcdComMF522), (306 bytes).
    Removing rc522.o(i.PcdHalt), (52 bytes).
    Removing rc522.o(i.PcdRead), (76 bytes).
    Removing rc522.o(i.PcdRequest), (84 bytes).
    Removing rc522.o(i.PcdReset), (120 bytes).
    Removing rc522.o(i.PcdSelect), (114 bytes).
    Removing rc522.o(i.PcdWrite), (138 bytes).
    Removing rc522.o(i.ReadRawRC), (52 bytes).
    Removing rc522.o(i.SPIReadByte), (18 bytes).
    Removing rc522.o(i.SPIWriteByte), (14 bytes).
    Removing rc522.o(i.SetBitMask), (28 bytes).
    Removing rc522.o(i.WriteRawRC), (46 bytes).
    Removing rc522.o(i.delay_ns), (14 bytes).
    Removing rc522.o(i.init_rc522), (76 bytes).
    Removing rcc.o(i.RCCInit), (40 bytes).
    Removing system.o(.emb_text), (24 bytes).
    Removing system.o(i.Delayms), (2 bytes).
    Removing timer.o(i.TimerClearCount), (28 bytes).
    Removing timer.o(i.TimerInit), (104 bytes).
    Removing uart.o(i.UARTDataStructInit), (24 bytes).
    Removing uart.o(i.UARTInit), (208 bytes).
    Removing uart.o(i.UARTReceiveByteBlocking), (48 bytes).
    Removing uart.o(i.UARTReceiveDataBlocking), (40 bytes).
    Removing uart.o(i.UARTRecvData), (128 bytes).
    Removing uart.o(i.UARTSendByteBlcoking), (48 bytes).
    Removing uart.o(i.UARTSendDataBlocking), (84 bytes).
    Removing uart.o(i.USART1_IRQHandler), (108 bytes).
    Removing uart.o(.bss), (176 bytes).
    Removing sram.o(i.FSMC_SRAM_Init), (200 bytes).
    Removing sram.o(i.FSMC_SRAM_ReadBuffer), (22 bytes).
    Removing sram.o(i.FSMC_SRAM_WriteBuffer), (24 bytes).
    Removing sram.o(i.fsmc_sram_test_read), (20 bytes).
    Removing sram.o(i.fsmc_sram_test_write), (16 bytes).
    Removing w25q64.o(i.SPI_FLASH_Write_Disable), (32 bytes).
    Removing w25q64.o(i.SPI_FLASH_Write_SR), (42 bytes).
    Removing w25q64.o(i.SPI_Flash_Erase_Chip), (44 bytes).
    Removing w25q64.o(i.SPI_Flash_PowerDown), (32 bytes).
    Removing w25q64.o(i.SPI_Flash_WAKEUP), (32 bytes).
    Removing led_ut_test.o(i.led_test), (56 bytes).
    Removing ex_sram_ut_test.o(i.hal_sram_test), (2 bytes).
    Removing uart_ut_test.o(i.hal_uart_test), (2 bytes).
    Removing spi_flash_ut_test.o(i.spi_flash_test), (2 bytes).
    Removing rt_task.o(i.rt_tsk_delete), (364 bytes).
    Removing rt_task.o(i.rt_tsk_prio), (140 bytes).
    Removing rt_semaphore.o(i.rt_sem_init), (12 bytes).
    Removing rt_semaphore.o(i.rt_sem_send), (56 bytes).
    Removing rt_semaphore.o(i.rt_sem_wait), (64 bytes).
    Removing rt_time.o(i.rt_dly_wait), (6 bytes).
    Removing rt_time.o(i.rt_itv_set), (24 bytes).
    Removing rt_time.o(i.rt_itv_wait), (40 bytes).
    Removing rt_time.o(i.rt_time_get), (12 bytes).
    Removing rt_system.o(.emb_text), (0 bytes).
    Removing rt_system.o(i.rt_resume), (176 bytes).
    Removing rt_system.o(i.rt_suspend), (44 bytes).
    Removing rt_system.o(i.rt_tsk_lock), (80 bytes).
    Removing rt_system.o(i.rt_tsk_unlock), (80 bytes).
    Removing rt_membox.o(i._calloc_box), (30 bytes).
    Removing rt_event.o(i.isr_evt_set), (40 bytes).
    Removing rt_event.o(i.rt_evt_clr), (28 bytes).
    Removing rt_event.o(i.rt_evt_get), (12 bytes).
    Removing rt_event.o(i.rt_evt_set), (96 bytes).
    Removing rt_event.o(i.rt_evt_wait), (60 bytes).
    Removing rt_mailbox.o(i.isr_mbx_receive), (86 bytes).
    Removing rt_mailbox.o(i.isr_mbx_send), (14 bytes).
    Removing rt_mailbox.o(i.rt_mbx_check), (8 bytes).
    Removing rt_mailbox.o(i.rt_mbx_init), (24 bytes).
    Removing rt_mailbox.o(i.rt_mbx_send), (164 bytes).
    Removing rt_mailbox.o(i.rt_mbx_wait), (188 bytes).
    Removing rt_timer.o(i.rt_tmr_create), (80 bytes).
    Removing rt_timer.o(i.rt_tmr_kill), (52 bytes).

560 unused section(s) (total 25152 bytes) removed from the image.

==============================================================================

Image Symbol Table

    Local Symbols

    Symbol Name                              Value     Ov Type        Size  Object(Section)

    ../clib/angel/boardlib.s                 0x00000000   Number         0  boardinit3.o ABSOLUTE
    ../clib/angel/boardlib.s                 0x00000000   Number         0  boardshut.o ABSOLUTE
    ../clib/angel/boardlib.s                 0x00000000   Number         0  boardinit2.o ABSOLUTE
    ../clib/angel/boardlib.s                 0x00000000   Number         0  boardinit1.o ABSOLUTE
    ../clib/angel/handlers.s                 0x00000000   Number         0  __scatter_copy.o ABSOLUTE
    ../clib/angel/handlers.s                 0x00000000   Number         0  __scatter_zi.o ABSOLUTE
    ../clib/angel/kernel.s                   0x00000000   Number         0  rtexit2.o ABSOLUTE
    ../clib/angel/kernel.s                   0x00000000   Number         0  rtexit.o ABSOLUTE
    ../clib/angel/kernel.s                   0x00000000   Number         0  __rtentry.o ABSOLUTE
    ../clib/angel/kernel.s                   0x00000000   Number         0  __rtentry4.o ABSOLUTE
    ../clib/angel/kernel.s                   0x00000000   Number         0  __rtentry2.o ABSOLUTE
    ../clib/angel/rt.s                       0x00000000   Number         0  rt_raise.o ABSOLUTE
    ../clib/angel/scatter.s                  0x00000000   Number         0  __scatter.o ABSOLUTE
    ../clib/angel/startup.s                  0x00000000   Number         0  __main.o ABSOLUTE
    ../clib/angel/sys.s                      0x00000000   Number         0  sys_stackheap_outer.o ABSOLUTE
    ../clib/angel/sys.s                      0x00000000   Number         0  use_no_semi.o ABSOLUTE
    ../clib/angel/sys.s                      0x00000000   Number         0  indicate_semi.o ABSOLUTE
    ../clib/angel/sys.s                      0x00000000   Number         0  libspace.o ABSOLUTE
    ../clib/angel/sysapp.c                   0x00000000   Number         0  sys_exit.o ABSOLUTE
    ../clib/angel/sysapp.c                   0x00000000   Number         0  sys_command.o ABSOLUTE
    ../clib/angel/sysapp.c                   0x00000000   Number         0  sys_wrch.o ABSOLUTE
    ../clib/armsys.c                         0x00000000   Number         0  _get_argv_nomalloc.o ABSOLUTE
    ../clib/armsys.c                         0x00000000   Number         0  argv_veneer.o ABSOLUTE
    ../clib/armsys.c                         0x00000000   Number         0  argv_veneer.o ABSOLUTE
    ../clib/armsys.c                         0x00000000   Number         0  no_argv.o ABSOLUTE
    ../clib/heapalloc.c                      0x00000000   Number         0  hrguard.o ABSOLUTE
    ../clib/heapaux.c                        0x00000000   Number         0  heapauxi.o ABSOLUTE
    ../clib/libinit.s                        0x00000000   Number         0  libshutdown.o ABSOLUTE
    ../clib/libinit.s                        0x00000000   Number         0  libshutdown2.o ABSOLUTE
    ../clib/libinit.s                        0x00000000   Number         0  libinit2.o ABSOLUTE
    ../clib/libinit.s                        0x00000000   Number         0  libinit.o ABSOLUTE
    ../clib/memcpset.s                       0x00000000   Number         0  rt_memcpy_v6.o ABSOLUTE
    ../clib/memcpset.s                       0x00000000   Number         0  aeabi_memset.o ABSOLUTE
    ../clib/memcpset.s                       0x00000000   Number         0  rt_memclr.o ABSOLUTE
    ../clib/memcpset.s                       0x00000000   Number         0  rt_memcpy_w.o ABSOLUTE
    ../clib/memcpset.s                       0x00000000   Number         0  rt_memclr_w.o ABSOLUTE
    ../clib/signal.c                         0x00000000   Number         0  defsig_other.o ABSOLUTE
    ../clib/signal.c                         0x00000000   Number         0  defsig_segv_inner.o ABSOLUTE
    ../clib/signal.c                         0x00000000   Number         0  defsig_cppl_inner.o ABSOLUTE
    ../clib/signal.c                         0x00000000   Number         0  defsig_abrt_inner.o ABSOLUTE
    ../clib/signal.c                         0x00000000   Number         0  defsig_fpe_inner.o ABSOLUTE
    ../clib/signal.c                         0x00000000   Number         0  defsig_rtred_inner.o ABSOLUTE
    ../clib/signal.c                         0x00000000   Number         0  defsig_stak_inner.o ABSOLUTE
    ../clib/signal.c                         0x00000000   Number         0  defsig_pvfn_inner.o ABSOLUTE
    ../clib/signal.c                         0x00000000   Number         0  defsig_exit.o ABSOLUTE
    ../clib/signal.c                         0x00000000   Number         0  defsig_general.o ABSOLUTE
    ../clib/signal.c                         0x00000000   Number         0  defsig_rtmem_formal.o ABSOLUTE
    ../clib/signal.c                         0x00000000   Number         0  __raise.o ABSOLUTE
    ../clib/signal.c                         0x00000000   Number         0  defsig_rtmem_outer.o ABSOLUTE
    ../clib/signal.c                         0x00000000   Number         0  defsig_rtmem_inner.o ABSOLUTE
    ../clib/signal.s                         0x00000000   Number         0  defsig.o ABSOLUTE
    ../clib/stdlib.c                         0x00000000   Number         0  exit.o ABSOLUTE
    ../fplib/fpinit.s                        0x00000000   Number         0  fpinit.o ABSOLUTE
    ..\Libraries\CMSIS\CM3\CoreSupport\core_cm3.c 0x00000000   Number         0  core_cm3.o ABSOLUTE
    ..\Libraries\CMSIS\CM3\DeviceSupport\ST\STM32F10x\startup\arm\startup_stm32f10x_hd.s 0x00000000   Number         0  startup_stm32f10x_hd.o ABSOLUTE
    ..\Libraries\STM32F10x_StdPeriph_Driver\src\misc.c 0x00000000   Number         0  misc.o ABSOLUTE
    ..\Libraries\STM32F10x_StdPeriph_Driver\src\stm32f10x_adc.c 0x00000000   Number         0  stm32f10x_adc.o ABSOLUTE
    ..\Libraries\STM32F10x_StdPeriph_Driver\src\stm32f10x_bkp.c 0x00000000   Number         0  stm32f10x_bkp.o ABSOLUTE
    ..\Libraries\STM32F10x_StdPeriph_Driver\src\stm32f10x_can.c 0x00000000   Number         0  stm32f10x_can.o ABSOLUTE
    ..\Libraries\STM32F10x_StdPeriph_Driver\src\stm32f10x_cec.c 0x00000000   Number         0  stm32f10x_cec.o ABSOLUTE
    ..\Libraries\STM32F10x_StdPeriph_Driver\src\stm32f10x_crc.c 0x00000000   Number         0  stm32f10x_crc.o ABSOLUTE
    ..\Libraries\STM32F10x_StdPeriph_Driver\src\stm32f10x_dac.c 0x00000000   Number         0  stm32f10x_dac.o ABSOLUTE
    ..\Libraries\STM32F10x_StdPeriph_Driver\src\stm32f10x_dbgmcu.c 0x00000000   Number         0  stm32f10x_dbgmcu.o ABSOLUTE
    ..\Libraries\STM32F10x_StdPeriph_Driver\src\stm32f10x_dma.c 0x00000000   Number         0  stm32f10x_dma.o ABSOLUTE
    ..\Libraries\STM32F10x_StdPeriph_Driver\src\stm32f10x_exti.c 0x00000000   Number         0  stm32f10x_exti.o ABSOLUTE
    ..\Libraries\STM32F10x_StdPeriph_Driver\src\stm32f10x_flash.c 0x00000000   Number         0  stm32f10x_flash.o ABSOLUTE
    ..\Libraries\STM32F10x_StdPeriph_Driver\src\stm32f10x_fsmc.c 0x00000000   Number         0  stm32f10x_fsmc.o ABSOLUTE
    ..\Libraries\STM32F10x_StdPeriph_Driver\src\stm32f10x_gpio.c 0x00000000   Number         0  stm32f10x_gpio.o ABSOLUTE
    ..\Libraries\STM32F10x_StdPeriph_Driver\src\stm32f10x_i2c.c 0x00000000   Number         0  stm32f10x_i2c.o ABSOLUTE
    ..\Libraries\STM32F10x_StdPeriph_Driver\src\stm32f10x_iwdg.c 0x00000000   Number         0  stm32f10x_iwdg.o ABSOLUTE
    ..\Libraries\STM32F10x_StdPeriph_Driver\src\stm32f10x_pwr.c 0x00000000   Number         0  stm32f10x_pwr.o ABSOLUTE
    ..\Libraries\STM32F10x_StdPeriph_Driver\src\stm32f10x_rcc.c 0x00000000   Number         0  stm32f10x_rcc.o ABSOLUTE
    ..\Libraries\STM32F10x_StdPeriph_Driver\src\stm32f10x_rtc.c 0x00000000   Number         0  stm32f10x_rtc.o ABSOLUTE
    ..\Libraries\STM32F10x_StdPeriph_Driver\src\stm32f10x_sdio.c 0x00000000   Number         0  stm32f10x_sdio.o ABSOLUTE
    ..\Libraries\STM32F10x_StdPeriph_Driver\src\stm32f10x_spi.c 0x00000000   Number         0  stm32f10x_spi.o ABSOLUTE
    ..\Libraries\STM32F10x_StdPeriph_Driver\src\stm32f10x_tim.c 0x00000000   Number         0  stm32f10x_tim.o ABSOLUTE
    ..\Libraries\STM32F10x_StdPeriph_Driver\src\stm32f10x_usart.c 0x00000000   Number         0  stm32f10x_usart.o ABSOLUTE
    ..\Libraries\STM32F10x_StdPeriph_Driver\src\stm32f10x_wwdg.c 0x00000000   Number         0  stm32f10x_wwdg.o ABSOLUTE
    ..\RTX\RTX_Conf_CM.c                     0x00000000   Number         0  rtx_conf_cm.o ABSOLUTE
    ..\\Libraries\\CMSIS\\CM3\\CoreSupport\\core_cm3.c 0x00000000   Number         0  core_cm3.o ABSOLUTE
    ..\\drv\\src\\System.c                   0x00000000   Number         0  system.o ABSOLUTE
    ..\app\main.c                            0x00000000   Number         0  main.o ABSOLUTE
    ..\app\stm32f10x_it.c                    0x00000000   Number         0  stm32f10x_it.o ABSOLUTE
    ..\app\system_stm32f10x.c                0x00000000   Number         0  system_stm32f10x.o ABSOLUTE
    ..\drv\src\Beep.c                        0x00000000   Number         0  beep.o ABSOLUTE
    ..\drv\src\HAL.c                         0x00000000   Number         0  hal.o ABSOLUTE
    ..\drv\src\HC05.c                        0x00000000   Number         0  hc05.o ABSOLUTE
    ..\drv\src\IIC.c                         0x00000000   Number         0  iic.o ABSOLUTE
    ..\drv\src\LED.c                         0x00000000   Number         0  led.o ABSOLUTE
    ..\drv\src\RC522.c                       0x00000000   Number         0  rc522.o ABSOLUTE
    ..\drv\src\RCC.c                         0x00000000   Number         0  rcc.o ABSOLUTE
    ..\drv\src\SPI.c                         0x00000000   Number         0  spi.o ABSOLUTE
    ..\drv\src\SRAM.c                        0x00000000   Number         0  sram.o ABSOLUTE
    ..\drv\src\System.c                      0x00000000   Number         0  system.o ABSOLUTE
    ..\drv\src\Timer.c                       0x00000000   Number         0  timer.o ABSOLUTE
    ..\drv\src\UART.c                        0x00000000   Number         0  uart.o ABSOLUTE
    ..\drv\src\W25Q64.c                      0x00000000   Number         0  w25q64.o ABSOLUTE
    ..\ut_test\ex_sram_ut_test.c             0x00000000   Number         0  ex_sram_ut_test.o ABSOLUTE
    ..\ut_test\led_ut_test.c                 0x00000000   Number         0  led_ut_test.o ABSOLUTE
    ..\ut_test\spi_flash_ut_test.c           0x00000000   Number         0  spi_flash_ut_test.o ABSOLUTE
    ..\ut_test\uart_ut_test.c                0x00000000   Number         0  uart_ut_test.o ABSOLUTE
    SRC\CM\HAL_CM3.c                         0x00000000   Number         0  hal_cm3.o ABSOLUTE
    SRC\CM\SVC_Table.s                       0x00000000   Number         0  svc_table.o ABSOLUTE
    SRC\CM\rt_Event.c                        0x00000000   Number         0  rt_event.o ABSOLUTE
    SRC\CM\rt_List.c                         0x00000000   Number         0  rt_list.o ABSOLUTE
    SRC\CM\rt_Mailbox.c                      0x00000000   Number         0  rt_mailbox.o ABSOLUTE
    SRC\CM\rt_MemBox.c                       0x00000000   Number         0  rt_membox.o ABSOLUTE
    SRC\CM\rt_Mutex.c                        0x00000000   Number         0  rt_mutex.o ABSOLUTE
    SRC\CM\rt_Robin.c                        0x00000000   Number         0  rt_robin.o ABSOLUTE
    SRC\CM\rt_Semaphore.c                    0x00000000   Number         0  rt_semaphore.o ABSOLUTE
    SRC\CM\rt_System.c                       0x00000000   Number         0  rt_system.o ABSOLUTE
    SRC\CM\rt_Task.c                         0x00000000   Number         0  rt_task.o ABSOLUTE
    SRC\CM\rt_Time.c                         0x00000000   Number         0  rt_time.o ABSOLUTE
    SRC\CM\rt_Timer.c                        0x00000000   Number         0  rt_timer.o ABSOLUTE
    SRC\\CM\\HAL_CM3.c                       0x00000000   Number         0  hal_cm3.o ABSOLUTE
    SRC\\CM\\rt_System.c                     0x00000000   Number         0  rt_system.o ABSOLUTE
    dc.s                                     0x00000000   Number         0  dc.o ABSOLUTE
    RESET                                    0x08000000   Section      304  startup_stm32f10x_hd.o(RESET)
    !!!main                                  0x08000130   Section        8  __main.o(!!!main)
    !!!scatter                               0x08000138   Section       52  __scatter.o(!!!scatter)
    !!handler_copy                           0x0800016c   Section       26  __scatter_copy.o(!!handler_copy)
    !!handler_zi                             0x08000188   Section       28  __scatter_zi.o(!!handler_zi)
    .ARM.Collect$$libinit$$00000000          0x080001a4   Section        2  libinit.o(.ARM.Collect$$libinit$$00000000)
    .ARM.Collect$$libinit$$00000002          0x080001a6   Section        0  libinit2.o(.ARM.Collect$$libinit$$00000002)
    .ARM.Collect$$libinit$$00000004          0x080001a6   Section        0  libinit2.o(.ARM.Collect$$libinit$$00000004)
    .ARM.Collect$$libinit$$0000000A          0x080001a6   Section        0  libinit2.o(.ARM.Collect$$libinit$$0000000A)
    .ARM.Collect$$libinit$$0000000C          0x080001a6   Section        0  libinit2.o(.ARM.Collect$$libinit$$0000000C)
    .ARM.Collect$$libinit$$0000000E          0x080001a6   Section        0  libinit2.o(.ARM.Collect$$libinit$$0000000E)
    .ARM.Collect$$libinit$$00000011          0x080001a6   Section        0  libinit2.o(.ARM.Collect$$libinit$$00000011)
    .ARM.Collect$$libinit$$00000013          0x080001a6   Section        0  libinit2.o(.ARM.Collect$$libinit$$00000013)
    .ARM.Collect$$libinit$$00000015          0x080001a6   Section        0  libinit2.o(.ARM.Collect$$libinit$$00000015)
    .ARM.Collect$$libinit$$00000017          0x080001a6   Section        0  libinit2.o(.ARM.Collect$$libinit$$00000017)
    .ARM.Collect$$libinit$$00000019          0x080001a6   Section        0  libinit2.o(.ARM.Collect$$libinit$$00000019)
    .ARM.Collect$$libinit$$0000001B          0x080001a6   Section        0  libinit2.o(.ARM.Collect$$libinit$$0000001B)
    .ARM.Collect$$libinit$$0000001D          0x080001a6   Section        0  libinit2.o(.ARM.Collect$$libinit$$0000001D)
    .ARM.Collect$$libinit$$0000001F          0x080001a6   Section        0  libinit2.o(.ARM.Collect$$libinit$$0000001F)
    .ARM.Collect$$libinit$$00000021          0x080001a6   Section        0  libinit2.o(.ARM.Collect$$libinit$$00000021)
    .ARM.Collect$$libinit$$00000023          0x080001a6   Section        0  libinit2.o(.ARM.Collect$$libinit$$00000023)
    .ARM.Collect$$libinit$$00000025          0x080001a6   Section        0  libinit2.o(.ARM.Collect$$libinit$$00000025)
    .ARM.Collect$$libinit$$0000002C          0x080001a6   Section        0  libinit2.o(.ARM.Collect$$libinit$$0000002C)
    .ARM.Collect$$libinit$$0000002E          0x080001a6   Section        0  libinit2.o(.ARM.Collect$$libinit$$0000002E)
    .ARM.Collect$$libinit$$00000030          0x080001a6   Section        0  libinit2.o(.ARM.Collect$$libinit$$00000030)
    .ARM.Collect$$libinit$$00000032          0x080001a6   Section        0  libinit2.o(.ARM.Collect$$libinit$$00000032)
    .ARM.Collect$$libinit$$00000033          0x080001a6   Section        2  libinit2.o(.ARM.Collect$$libinit$$00000033)
    .ARM.Collect$$libshutdown$$00000000      0x080001a8   Section        2  libshutdown.o(.ARM.Collect$$libshutdown$$00000000)
    .ARM.Collect$$libshutdown$$00000002      0x080001aa   Section        0  libshutdown2.o(.ARM.Collect$$libshutdown$$00000002)
    .ARM.Collect$$libshutdown$$00000004      0x080001aa   Section        0  libshutdown2.o(.ARM.Collect$$libshutdown$$00000004)
    .ARM.Collect$$libshutdown$$00000007      0x080001aa   Section        0  libshutdown2.o(.ARM.Collect$$libshutdown$$00000007)
    .ARM.Collect$$libshutdown$$0000000A      0x080001aa   Section        0  libshutdown2.o(.ARM.Collect$$libshutdown$$0000000A)
    .ARM.Collect$$libshutdown$$0000000C      0x080001aa   Section        0  libshutdown2.o(.ARM.Collect$$libshutdown$$0000000C)
    .ARM.Collect$$libshutdown$$0000000F      0x080001aa   Section        0  libshutdown2.o(.ARM.Collect$$libshutdown$$0000000F)
    .ARM.Collect$$libshutdown$$00000010      0x080001aa   Section        2  libshutdown2.o(.ARM.Collect$$libshutdown$$00000010)
    .ARM.Collect$$rtentry$$00000000          0x080001ac   Section        0  __rtentry.o(.ARM.Collect$$rtentry$$00000000)
    .ARM.Collect$$rtentry$$00000002          0x080001ac   Section        0  __rtentry2.o(.ARM.Collect$$rtentry$$00000002)
    .ARM.Collect$$rtentry$$00000004          0x080001ac   Section        6  __rtentry4.o(.ARM.Collect$$rtentry$$00000004)
    .ARM.Collect$$rtentry$$00000009          0x080001b2   Section        0  __rtentry2.o(.ARM.Collect$$rtentry$$00000009)
    .ARM.Collect$$rtentry$$0000000A          0x080001b2   Section        4  __rtentry2.o(.ARM.Collect$$rtentry$$0000000A)
    .ARM.Collect$$rtentry$$0000000C          0x080001b6   Section        0  __rtentry2.o(.ARM.Collect$$rtentry$$0000000C)
    .ARM.Collect$$rtentry$$0000000D          0x080001b6   Section        8  __rtentry2.o(.ARM.Collect$$rtentry$$0000000D)
    .ARM.Collect$$rtexit$$00000000           0x080001be   Section        2  rtexit.o(.ARM.Collect$$rtexit$$00000000)
    .ARM.Collect$$rtexit$$00000002           0x080001c0   Section        0  rtexit2.o(.ARM.Collect$$rtexit$$00000002)
    .ARM.Collect$$rtexit$$00000003           0x080001c0   Section        4  rtexit2.o(.ARM.Collect$$rtexit$$00000003)
    .ARM.Collect$$rtexit$$00000004           0x080001c4   Section        6  rtexit2.o(.ARM.Collect$$rtexit$$00000004)
    .emb_text                                0x080001cc   Section      340  hal_cm3.o(.emb_text)
    .text                                    0x08000320   Section       64  startup_stm32f10x_hd.o(.text)
    .text                                    0x08000360   Section        8  libspace.o(.text)
    .text                                    0x08000368   Section       16  aeabi_memset.o(.text)
    .text                                    0x08000378   Section       68  rt_memclr.o(.text)
    .text                                    0x080003bc   Section        0  heapauxi.o(.text)
    .text                                    0x080003c2   Section       78  rt_memclr_w.o(.text)
    .text                                    0x08000410   Section       74  sys_stackheap_outer.o(.text)
    .text                                    0x0800045a   Section        0  exit.o(.text)
    .text                                    0x0800046c   Section        0  sys_exit.o(.text)
    .text                                    0x08000478   Section        2  use_no_semi.o(.text)
    .text                                    0x0800047a   Section        0  indicate_semi.o(.text)
    SVC_TABLE                                0x0800047c   Section        4  svc_table.o(SVC_TABLE)
    i.BusFault_Handler                       0x08000480   Section        0  stm32f10x_it.o(i.BusFault_Handler)
    i.DebugMon_Handler                       0x08000484   Section        0  stm32f10x_it.o(i.DebugMon_Handler)
    i.GPIO_Init                              0x08000486   Section        0  stm32f10x_gpio.o(i.GPIO_Init)
    i.GPIO_ResetBits                         0x0800059c   Section        0  stm32f10x_gpio.o(i.GPIO_ResetBits)
    i.GPIO_SetBits                           0x080005a0   Section        0  stm32f10x_gpio.o(i.GPIO_SetBits)
    i.HardFault_Handler                      0x080005a4   Section        0  stm32f10x_it.o(i.HardFault_Handler)
    i.MemManage_Handler                      0x080005a8   Section        0  stm32f10x_it.o(i.MemManage_Handler)
    i.NMI_Handler                            0x080005ac   Section        0  stm32f10x_it.o(i.NMI_Handler)
    i.RCC_APB2PeriphClockCmd                 0x080005b0   Section        0  stm32f10x_rcc.o(i.RCC_APB2PeriphClockCmd)
    i.ResetUARTCurrentRecvDataIndex          0x080005d0   Section        0  uart.o(i.ResetUARTCurrentRecvDataIndex)
    i.SPIInit                                0x080005ec   Section        0  spi.o(i.SPIInit)
    i.SPIWriteReadData                       0x0800069c   Section        0  spi.o(i.SPIWriteReadData)
    i.SPI_CSCtrl                             0x08000724   Section        0  spi.o(i.SPI_CSCtrl)
    i.SPI_Cmd                                0x080007ac   Section        0  stm32f10x_spi.o(i.SPI_Cmd)
    i.SPI_FLASH_Write_Enable                 0x080007c4   Section        0  w25q64.o(i.SPI_FLASH_Write_Enable)
    i.SPI_Flash_Erase_Sector                 0x080007e4   Section        0  w25q64.o(i.SPI_Flash_Erase_Sector)
    i.SPI_Flash_Init                         0x08000830   Section        0  w25q64.o(i.SPI_Flash_Init)
    i.SPI_Flash_Read                         0x080008b8   Section        0  w25q64.o(i.SPI_Flash_Read)
    i.SPI_Flash_ReadID                       0x08000914   Section        0  w25q64.o(i.SPI_Flash_ReadID)
    i.SPI_Flash_ReadSR                       0x08000966   Section        0  w25q64.o(i.SPI_Flash_ReadSR)
    i.SPI_Flash_Wait_Busy                    0x08000994   Section        0  w25q64.o(i.SPI_Flash_Wait_Busy)
    i.SPI_Flash_Write                        0x080009a8   Section        0  w25q64.o(i.SPI_Flash_Write)
    i.SPI_Flash_Write_NoCheck                0x08000a5c   Section        0  w25q64.o(i.SPI_Flash_Write_NoCheck)
    i.SPI_Flash_Write_Page                   0x08000aa2   Section        0  w25q64.o(i.SPI_Flash_Write_Page)
    i.SPI_I2S_GetFlagStatus                  0x08000b04   Section        0  stm32f10x_spi.o(i.SPI_I2S_GetFlagStatus)
    i.SPI_I2S_ReceiveData                    0x08000b16   Section        0  stm32f10x_spi.o(i.SPI_I2S_ReceiveData)
    i.SPI_I2S_SendData                       0x08000b1c   Section        0  stm32f10x_spi.o(i.SPI_I2S_SendData)
    i.SPI_Init                               0x08000b20   Section        0  stm32f10x_spi.o(i.SPI_Init)
    i.SPI_SetSpeed                           0x08000b5c   Section        0  spi.o(i.SPI_SetSpeed)
    i.SetSysClock                            0x08000b8c   Section        0  system_stm32f10x.o(i.SetSysClock)
    SetSysClock                              0x08000b8d   Thumb Code     8  system_stm32f10x.o(i.SetSysClock)
    i.SetSysClockTo72                        0x08000b94   Section        0  system_stm32f10x.o(i.SetSysClockTo72)
    SetSysClockTo72                          0x08000b95   Thumb Code   214  system_stm32f10x.o(i.SetSysClockTo72)
    i.SystemInit                             0x08000c74   Section        0  system_stm32f10x.o(i.SystemInit)
    i.TIM3_IRQHandler                        0x08000cd4   Section        0  timer.o(i.TIM3_IRQHandler)
    i.TIM_ClearITPendingBit                  0x08000d08   Section        0  stm32f10x_tim.o(i.TIM_ClearITPendingBit)
    i.TIM_Cmd                                0x08000d0e   Section        0  stm32f10x_tim.o(i.TIM_Cmd)
    i.TIM_GetITStatus                        0x08000d26   Section        0  stm32f10x_tim.o(i.TIM_GetITStatus)
    i.TimerCtrl                              0x08000d48   Section        0  timer.o(i.TimerCtrl)
    i.UsageFault_Handler                     0x08000d7c   Section        0  stm32f10x_it.o(i.UsageFault_Handler)
    i._init_box                              0x08000d80   Section        0  rt_membox.o(i._init_box)
    i._mutex_acquire                         0x08000dc8   Section        0  rtx_conf_cm.o(i._mutex_acquire)
    __tagsym$$used                           0x08000dc9   Number         0  rtx_conf_cm.o(i._mutex_acquire)
    i._mutex_release                         0x08000de8   Section        0  rtx_conf_cm.o(i._mutex_release)
    __tagsym$$used                           0x08000de9   Number         0  rtx_conf_cm.o(i._mutex_release)
    i.dbg_init                               0x08000e04   Section        0  hal_cm3.o(i.dbg_init)
    i.dbg_task_notify                        0x08000e34   Section        0  hal_cm3.o(i.dbg_task_notify)
    i.dbg_task_switch                        0x08000e54   Section        0  hal_cm3.o(i.dbg_task_switch)
    i.init_task                              0x08000e64   Section        0  main.o(i.init_task)
    i.isr_sem_send                           0x08000e90   Section        0  rt_semaphore.o(i.isr_sem_send)
    i.main                                   0x08000ea0   Section        0  main.o(i.main)
    i.os_error                               0x08000ebc   Section        0  rtx_conf_cm.o(i.os_error)
    i.os_idle_demon                          0x08000ec0   Section        0  rtx_conf_cm.o(i.os_idle_demon)
    i.os_tick_init                           0x08000ec4   Section        0  rt_system.o(i.os_tick_init)
    i.os_tick_irqack                         0x08000eec   Section        0  rt_system.o(i.os_tick_irqack)
    i.os_tmr_call                            0x08000eee   Section        0  rtx_conf_cm.o(i.os_tmr_call)
    i.rt_alloc_box                           0x08000ef0   Section        0  rt_membox.o(i.rt_alloc_box)
    i.rt_block                               0x08000f0c   Section        0  rt_task.o(i.rt_block)
    i.rt_chk_robin                           0x08000f44   Section        0  rt_robin.o(i.rt_chk_robin)
    i.rt_dec_dly                             0x08000f8c   Section        0  rt_list.o(i.rt_dec_dly)
    i.rt_dispatch                            0x08001000   Section        0  rt_task.o(i.rt_dispatch)
    i.rt_evt_psh                             0x08001044   Section        0  rt_event.o(i.rt_evt_psh)
    i.rt_free_box                            0x08001090   Section        0  rt_membox.o(i.rt_free_box)
    i.rt_get_first                           0x080010b0   Section        0  rt_list.o(i.rt_get_first)
    i.rt_get_same_rdy_prio                   0x080010d8   Section        0  rt_list.o(i.rt_get_same_rdy_prio)
    i.rt_init_context                        0x080010fc   Section        0  rt_task.o(i.rt_init_context)
    rt_init_context                          0x080010fd   Thumb Code    70  rt_task.o(i.rt_init_context)
    i.rt_init_robin                          0x08001148   Section        0  rt_robin.o(i.rt_init_robin)
    i.rt_init_stack                          0x08001160   Section        0  hal_cm3.o(i.rt_init_stack)
    i.rt_mbx_psh                             0x080011b0   Section        0  rt_mailbox.o(i.rt_mbx_psh)
    i.rt_mut_init                            0x08001284   Section        0  rt_mutex.o(i.rt_mut_init)
    i.rt_mut_release                         0x08001294   Section        0  rt_mutex.o(i.rt_mut_release)
    i.rt_mut_wait                            0x08001378   Section        0  rt_mutex.o(i.rt_mut_wait)
    i.rt_pop_req                             0x080013e0   Section        0  rt_system.o(i.rt_pop_req)
    i.rt_psh_req                             0x0800145c   Section        0  rt_system.o(i.rt_psh_req)
    i.rt_psq_enq                             0x0800147c   Section        0  rt_list.o(i.rt_psq_enq)
    i.rt_put_dly                             0x080014d8   Section        0  rt_list.o(i.rt_put_dly)
    i.rt_put_prio                            0x08001520   Section        0  rt_list.o(i.rt_put_prio)
    i.rt_put_rdy_first                       0x08001558   Section        0  rt_list.o(i.rt_put_rdy_first)
    i.rt_resort_prio                         0x0800156c   Section        0  rt_list.o(i.rt_resort_prio)
    i.rt_rmv_dly                             0x080015a0   Section        0  rt_list.o(i.rt_rmv_dly)
    i.rt_rmv_list                            0x080015c8   Section        0  rt_list.o(i.rt_rmv_list)
    i.rt_sem_psh                             0x080015f8   Section        0  rt_semaphore.o(i.rt_sem_psh)
    i.rt_stk_check                           0x0800162c   Section        0  rt_system.o(i.rt_stk_check)
    i.rt_switch_req                          0x08001650   Section        0  rt_task.o(i.rt_switch_req)
    i.rt_sys_init                            0x08001678   Section        0  rt_task.o(i.rt_sys_init)
    i.rt_systick                             0x080017cc   Section        0  rt_system.o(i.rt_systick)
    i.rt_tmr_tick                            0x0800180c   Section        0  rt_timer.o(i.rt_tmr_tick)
    i.rt_tsk_create                          0x0800184c   Section        0  rt_task.o(i.rt_tsk_create)
    i.rt_tsk_pass                            0x080018dc   Section        0  rt_task.o(i.rt_tsk_pass)
    i.rt_tsk_self                            0x0800190c   Section        0  rt_task.o(i.rt_tsk_self)
    i.task1                                  0x0800191c   Section        0  main.o(i.task1)
    .constdata                               0x08001964   Section       40  rtx_conf_cm.o(.constdata)
    __tagsym$$used                           0x08001978   Number         0  rtx_conf_cm.o(.constdata)
    __tagsym$$used                           0x0800197c   Number         0  rtx_conf_cm.o(.constdata)
    .constdata                               0x0800198c   Section        4  rt_system.o(.constdata)
    __tagsym$$used                           0x0800198c   Number         0  rt_system.o(.constdata)
    .data                                    0x20000000   Section        8  main.o(.data)
    .data                                    0x20000008   Section        8  rtx_conf_cm.o(.data)
    nr_mutex                                 0x2000000c   Data           4  rtx_conf_cm.o(.data)
    .data                                    0x20000010   Section        1  spi.o(.data)
    nSPI2InitFlg                             0x20000010   Data           1  spi.o(.data)
    .data                                    0x20000014   Section       12  uart.o(.data)
    nUART1RecvLen                            0x20000014   Data           4  uart.o(.data)
    .data                                    0x20000020   Section        2  w25q64.o(.data)
    .data                                    0x20000024   Section        8  rt_task.o(.data)
    .data                                    0x2000002c   Section        4  rt_time.o(.data)
    .data                                    0x20000030   Section        1  hal_cm3.o(.data)
    .data                                    0x20000034   Section        8  rt_system.o(.data)
    os_lock                                  0x20000034   Data           1  rt_system.o(.data)
    os_psh_flag                              0x20000035   Data           1  rt_system.o(.data)
    pend_flags                               0x20000036   Data           1  rt_system.o(.data)
    .data                                    0x2000003c   Section        8  rt_robin.o(.data)
    .data                                    0x20000044   Section        8  rt_timer.o(.data)
    .bss                                     0x2000004c   Section      512  main.o(.bss)
    write_buf                                0x2000004c   Data         256  main.o(.bss)
    read_buf                                 0x2000014c   Data         256  main.o(.bss)
    .bss                                     0x20000250   Section    46908  rtx_conf_cm.o(.bss)
    std_libspace                             0x2000b54c   Data         960  rtx_conf_cm.o(.bss)
    std_libmutex                             0x2000b90c   Data         128  rtx_conf_cm.o(.bss)
    .bss                                     0x2000b98c   Section       16  spi.o(.bss)
    g_sMut_Ctrl_SPI2                         0x2000b98c   Data          16  spi.o(.bss)
    .bss                                     0x2000b99c   Section     4096  w25q64.o(.bss)
    .bss                                     0x2000c99c   Section       56  rt_task.o(.bss)
    .bss                                     0x2000c9d4   Section       48  rt_list.o(.bss)
    .bss                                     0x2000ca04   Section       96  libspace.o(.bss)
    HEAP                                     0x2000ca68   Section      512  startup_stm32f10x_hd.o(HEAP)
    Heap_Mem                                 0x2000ca68   Data         512  startup_stm32f10x_hd.o(HEAP)
    STACK                                    0x2000cc68   Section     1024  startup_stm32f10x_hd.o(STACK)
    Stack_Mem                                0x2000cc68   Data        1024  startup_stm32f10x_hd.o(STACK)
    __initial_sp                             0x2000d068   Data           0  startup_stm32f10x_hd.o(STACK)

    Global Symbols

    Symbol Name                              Value     Ov Type        Size  Object(Section)

    BuildAttributes$$THM_ISAv4$P$D$K$B$S$PE$A:L22UL41UL21$X:L11$S22US41US21$IEEE1$IW$USESV6$~STKCKD$USESV7$~SHL$OSPACE$ROPI$EBA8$UX$STANDARDLIB$REQ8$PRES8$EABIv2 0x00000000   Number         0  anon$$obj.o ABSOLUTE
    __ARM_use_no_argv                        0x00000000   Number         0  main.o ABSOLUTE
    __ARM_exceptions_init                     - Undefined Weak Reference
    __alloca_initialize                       - Undefined Weak Reference
    __arm_preinit_                            - Undefined Weak Reference
    __cpp_initialize__aeabi_                  - Undefined Weak Reference
    __cxa_finalize                            - Undefined Weak Reference
    __rt_locale                               - Undefined Weak Reference
    __sigvec_lookup                           - Undefined Weak Reference
    _atexit_init                              - Undefined Weak Reference
    _call_atexit_fns                          - Undefined Weak Reference
    _clock_init                               - Undefined Weak Reference
    _fp_trap_init                             - Undefined Weak Reference
    _fp_trap_shutdown                         - Undefined Weak Reference
    _get_lc_collate                           - Undefined Weak Reference
    _get_lc_ctype                             - Undefined Weak Reference
    _get_lc_monetary                          - Undefined Weak Reference
    _get_lc_numeric                           - Undefined Weak Reference
    _get_lc_time                              - Undefined Weak Reference
    _getenv_init                              - Undefined Weak Reference
    _handle_redirection                       - Undefined Weak Reference
    _init_alloc                               - Undefined Weak Reference
    _init_user_alloc                          - Undefined Weak Reference
    _initio                                   - Undefined Weak Reference
    _rand_init                                - Undefined Weak Reference
    _signal_finish                            - Undefined Weak Reference
    _signal_init                              - Undefined Weak Reference
    _terminate_alloc                          - Undefined Weak Reference
    _terminate_user_alloc                     - Undefined Weak Reference
    _terminateio                              - Undefined Weak Reference
    __Vectors_Size                           0x00000130   Number         0  startup_stm32f10x_hd.o ABSOLUTE
    __RL_RTX_VER                             0x00000475   Number         0  rt_system.o ABSOLUTE
    __Vectors                                0x08000000   Data           4  startup_stm32f10x_hd.o(RESET)
    __Vectors_End                            0x08000130   Data           0  startup_stm32f10x_hd.o(RESET)
    __main                                   0x08000131   Thumb Code     8  __main.o(!!!main)
    __scatterload                            0x08000139   Thumb Code     0  __scatter.o(!!!scatter)
    __scatterload_rt2                        0x08000139   Thumb Code    44  __scatter.o(!!!scatter)
    __scatterload_rt2_thumb_only             0x08000139   Thumb Code     0  __scatter.o(!!!scatter)
    __scatterload_null                       0x08000147   Thumb Code     0  __scatter.o(!!!scatter)
    __scatterload_copy                       0x0800016d   Thumb Code    26  __scatter_copy.o(!!handler_copy)
    __scatterload_zeroinit                   0x08000189   Thumb Code    28  __scatter_zi.o(!!handler_zi)
    __rt_lib_init                            0x080001a5   Thumb Code     0  libinit.o(.ARM.Collect$$libinit$$00000000)
    __rt_lib_init_alloca_1                   0x080001a7   Thumb Code     0  libinit2.o(.ARM.Collect$$libinit$$0000002E)
    __rt_lib_init_argv_1                     0x080001a7   Thumb Code     0  libinit2.o(.ARM.Collect$$libinit$$0000002C)
    __rt_lib_init_atexit_1                   0x080001a7   Thumb Code     0  libinit2.o(.ARM.Collect$$libinit$$0000001B)
    __rt_lib_init_clock_1                    0x080001a7   Thumb Code     0  libinit2.o(.ARM.Collect$$libinit$$00000021)
    __rt_lib_init_cpp_1                      0x080001a7   Thumb Code     0  libinit2.o(.ARM.Collect$$libinit$$00000032)
    __rt_lib_init_exceptions_1               0x080001a7   Thumb Code     0  libinit2.o(.ARM.Collect$$libinit$$00000030)
    __rt_lib_init_fp_1                       0x080001a7   Thumb Code     0  libinit2.o(.ARM.Collect$$libinit$$00000002)
    __rt_lib_init_fp_trap_1                  0x080001a7   Thumb Code     0  libinit2.o(.ARM.Collect$$libinit$$0000001F)
    __rt_lib_init_getenv_1                   0x080001a7   Thumb Code     0  libinit2.o(.ARM.Collect$$libinit$$00000023)
    __rt_lib_init_heap_1                     0x080001a7   Thumb Code     0  libinit2.o(.ARM.Collect$$libinit$$0000000A)
    __rt_lib_init_lc_collate_1               0x080001a7   Thumb Code     0  libinit2.o(.ARM.Collect$$libinit$$00000011)
    __rt_lib_init_lc_ctype_1                 0x080001a7   Thumb Code     0  libinit2.o(.ARM.Collect$$libinit$$00000013)
    __rt_lib_init_lc_monetary_1              0x080001a7   Thumb Code     0  libinit2.o(.ARM.Collect$$libinit$$00000015)
    __rt_lib_init_lc_numeric_1               0x080001a7   Thumb Code     0  libinit2.o(.ARM.Collect$$libinit$$00000017)
    __rt_lib_init_lc_time_1                  0x080001a7   Thumb Code     0  libinit2.o(.ARM.Collect$$libinit$$00000019)
    __rt_lib_init_preinit_1                  0x080001a7   Thumb Code     0  libinit2.o(.ARM.Collect$$libinit$$00000004)
    __rt_lib_init_rand_1                     0x080001a7   Thumb Code     0  libinit2.o(.ARM.Collect$$libinit$$0000000E)
    __rt_lib_init_return                     0x080001a7   Thumb Code     0  libinit2.o(.ARM.Collect$$libinit$$00000033)
    __rt_lib_init_signal_1                   0x080001a7   Thumb Code     0  libinit2.o(.ARM.Collect$$libinit$$0000001D)
    __rt_lib_init_stdio_1                    0x080001a7   Thumb Code     0  libinit2.o(.ARM.Collect$$libinit$$00000025)
    __rt_lib_init_user_alloc_1               0x080001a7   Thumb Code     0  libinit2.o(.ARM.Collect$$libinit$$0000000C)
    __rt_lib_shutdown                        0x080001a9   Thumb Code     0  libshutdown.o(.ARM.Collect$$libshutdown$$00000000)
    __rt_lib_shutdown_cpp_1                  0x080001ab   Thumb Code     0  libshutdown2.o(.ARM.Collect$$libshutdown$$00000002)
    __rt_lib_shutdown_fp_trap_1              0x080001ab   Thumb Code     0  libshutdown2.o(.ARM.Collect$$libshutdown$$00000007)
    __rt_lib_shutdown_heap_1                 0x080001ab   Thumb Code     0  libshutdown2.o(.ARM.Collect$$libshutdown$$0000000F)
    __rt_lib_shutdown_return                 0x080001ab   Thumb Code     0  libshutdown2.o(.ARM.Collect$$libshutdown$$00000010)
    __rt_lib_shutdown_signal_1               0x080001ab   Thumb Code     0  libshutdown2.o(.ARM.Collect$$libshutdown$$0000000A)
    __rt_lib_shutdown_stdio_1                0x080001ab   Thumb Code     0  libshutdown2.o(.ARM.Collect$$libshutdown$$00000004)
    __rt_lib_shutdown_user_alloc_1           0x080001ab   Thumb Code     0  libshutdown2.o(.ARM.Collect$$libshutdown$$0000000C)
    __rt_entry                               0x080001ad   Thumb Code     0  __rtentry.o(.ARM.Collect$$rtentry$$00000000)
    __rt_entry_presh_1                       0x080001ad   Thumb Code     0  __rtentry2.o(.ARM.Collect$$rtentry$$00000002)
    __rt_entry_sh                            0x080001ad   Thumb Code     0  __rtentry4.o(.ARM.Collect$$rtentry$$00000004)
    __rt_entry_li                            0x080001b3   Thumb Code     0  __rtentry2.o(.ARM.Collect$$rtentry$$0000000A)
    __rt_entry_postsh_1                      0x080001b3   Thumb Code     0  __rtentry2.o(.ARM.Collect$$rtentry$$00000009)
    __rt_entry_main                          0x080001b7   Thumb Code     0  __rtentry2.o(.ARM.Collect$$rtentry$$0000000D)
    __rt_entry_postli_1                      0x080001b7   Thumb Code     0  __rtentry2.o(.ARM.Collect$$rtentry$$0000000C)
    __rt_exit                                0x080001bf   Thumb Code     0  rtexit.o(.ARM.Collect$$rtexit$$00000000)
    __rt_exit_ls                             0x080001c1   Thumb Code     0  rtexit2.o(.ARM.Collect$$rtexit$$00000003)
    __rt_exit_prels_1                        0x080001c1   Thumb Code     0  rtexit2.o(.ARM.Collect$$rtexit$$00000002)
    __rt_exit_exit                           0x080001c5   Thumb Code     0  rtexit2.o(.ARM.Collect$$rtexit$$00000004)
    rt_set_PSP                               0x080001cd   Thumb Code     6  hal_cm3.o(.emb_text)
    rt_get_PSP                               0x080001d3   Thumb Code     6  hal_cm3.o(.emb_text)
    os_set_env                               0x080001d9   Thumb Code    24  hal_cm3.o(.emb_text)
    _alloc_box                               0x080001f5   Thumb Code    28  hal_cm3.o(.emb_text)
    _free_box                                0x08000215   Thumb Code    28  hal_cm3.o(.emb_text)
    SVC_Handler                              0x08000235   Thumb Code   124  hal_cm3.o(.emb_text)
    PendSV_Handler                           0x080002bd   Thumb Code    76  hal_cm3.o(.emb_text)
    SysTick_Handler                          0x0800030d   Thumb Code     8  hal_cm3.o(.emb_text)
    OS_Tick_Handler                          0x08000315   Thumb Code    12  hal_cm3.o(.emb_text)
    Reset_Handler                            0x08000321   Thumb Code     8  startup_stm32f10x_hd.o(.text)
    ADC1_2_IRQHandler                        0x0800033b   Thumb Code     0  startup_stm32f10x_hd.o(.text)
    ADC3_IRQHandler                          0x0800033b   Thumb Code     0  startup_stm32f10x_hd.o(.text)
    CAN1_RX1_IRQHandler                      0x0800033b   Thumb Code     0  startup_stm32f10x_hd.o(.text)
    CAN1_SCE_IRQHandler                      0x0800033b   Thumb Code     0  startup_stm32f10x_hd.o(.text)
    DMA1_Channel1_IRQHandler                 0x0800033b   Thumb Code     0  startup_stm32f10x_hd.o(.text)
    DMA1_Channel2_IRQHandler                 0x0800033b   Thumb Code     0  startup_stm32f10x_hd.o(.text)
    DMA1_Channel3_IRQHandler                 0x0800033b   Thumb Code     0  startup_stm32f10x_hd.o(.text)
    DMA1_Channel4_IRQHandler                 0x0800033b   Thumb Code     0  startup_stm32f10x_hd.o(.text)
    DMA1_Channel5_IRQHandler                 0x0800033b   Thumb Code     0  startup_stm32f10x_hd.o(.text)
    DMA1_Channel6_IRQHandler                 0x0800033b   Thumb Code     0  startup_stm32f10x_hd.o(.text)
    DMA1_Channel7_IRQHandler                 0x0800033b   Thumb Code     0  startup_stm32f10x_hd.o(.text)
    DMA2_Channel1_IRQHandler                 0x0800033b   Thumb Code     0  startup_stm32f10x_hd.o(.text)
    DMA2_Channel2_IRQHandler                 0x0800033b   Thumb Code     0  startup_stm32f10x_hd.o(.text)
    DMA2_Channel3_IRQHandler                 0x0800033b   Thumb Code     0  startup_stm32f10x_hd.o(.text)
    DMA2_Channel4_5_IRQHandler               0x0800033b   Thumb Code     0  startup_stm32f10x_hd.o(.text)
    EXTI0_IRQHandler                         0x0800033b   Thumb Code     0  startup_stm32f10x_hd.o(.text)
    EXTI15_10_IRQHandler                     0x0800033b   Thumb Code     0  startup_stm32f10x_hd.o(.text)
    EXTI1_IRQHandler                         0x0800033b   Thumb Code     0  startup_stm32f10x_hd.o(.text)
    EXTI2_IRQHandler                         0x0800033b   Thumb Code     0  startup_stm32f10x_hd.o(.text)
    EXTI3_IRQHandler                         0x0800033b   Thumb Code     0  startup_stm32f10x_hd.o(.text)
    EXTI4_IRQHandler                         0x0800033b   Thumb Code     0  startup_stm32f10x_hd.o(.text)
    EXTI9_5_IRQHandler                       0x0800033b   Thumb Code     0  startup_stm32f10x_hd.o(.text)
    FLASH_IRQHandler                         0x0800033b   Thumb Code     0  startup_stm32f10x_hd.o(.text)
    FSMC_IRQHandler                          0x0800033b   Thumb Code     0  startup_stm32f10x_hd.o(.text)
    I2C1_ER_IRQHandler                       0x0800033b   Thumb Code     0  startup_stm32f10x_hd.o(.text)
    I2C1_EV_IRQHandler                       0x0800033b   Thumb Code     0  startup_stm32f10x_hd.o(.text)
    I2C2_ER_IRQHandler                       0x0800033b   Thumb Code     0  startup_stm32f10x_hd.o(.text)
    I2C2_EV_IRQHandler                       0x0800033b   Thumb Code     0  startup_stm32f10x_hd.o(.text)
    PVD_IRQHandler                           0x0800033b   Thumb Code     0  startup_stm32f10x_hd.o(.text)
    RCC_IRQHandler                           0x0800033b   Thumb Code     0  startup_stm32f10x_hd.o(.text)
    RTCAlarm_IRQHandler                      0x0800033b   Thumb Code     0  startup_stm32f10x_hd.o(.text)
    RTC_IRQHandler                           0x0800033b   Thumb Code     0  startup_stm32f10x_hd.o(.text)
    SDIO_IRQHandler                          0x0800033b   Thumb Code     0  startup_stm32f10x_hd.o(.text)
    SPI1_IRQHandler                          0x0800033b   Thumb Code     0  startup_stm32f10x_hd.o(.text)
    SPI2_IRQHandler                          0x0800033b   Thumb Code     0  startup_stm32f10x_hd.o(.text)
    SPI3_IRQHandler                          0x0800033b   Thumb Code     0  startup_stm32f10x_hd.o(.text)
    TAMPER_IRQHandler                        0x0800033b   Thumb Code     0  startup_stm32f10x_hd.o(.text)
    TIM1_BRK_IRQHandler                      0x0800033b   Thumb Code     0  startup_stm32f10x_hd.o(.text)
    TIM1_CC_IRQHandler                       0x0800033b   Thumb Code     0  startup_stm32f10x_hd.o(.text)
    TIM1_TRG_COM_IRQHandler                  0x0800033b   Thumb Code     0  startup_stm32f10x_hd.o(.text)
    TIM1_UP_IRQHandler                       0x0800033b   Thumb Code     0  startup_stm32f10x_hd.o(.text)
    TIM2_IRQHandler                          0x0800033b   Thumb Code     0  startup_stm32f10x_hd.o(.text)
    TIM4_IRQHandler                          0x0800033b   Thumb Code     0  startup_stm32f10x_hd.o(.text)
    TIM5_IRQHandler                          0x0800033b   Thumb Code     0  startup_stm32f10x_hd.o(.text)
    TIM6_IRQHandler                          0x0800033b   Thumb Code     0  startup_stm32f10x_hd.o(.text)
    TIM7_IRQHandler                          0x0800033b   Thumb Code     0  startup_stm32f10x_hd.o(.text)
    TIM8_BRK_IRQHandler                      0x0800033b   Thumb Code     0  startup_stm32f10x_hd.o(.text)
    TIM8_CC_IRQHandler                       0x0800033b   Thumb Code     0  startup_stm32f10x_hd.o(.text)
    TIM8_TRG_COM_IRQHandler                  0x0800033b   Thumb Code     0  startup_stm32f10x_hd.o(.text)
    TIM8_UP_IRQHandler                       0x0800033b   Thumb Code     0  startup_stm32f10x_hd.o(.text)
    UART4_IRQHandler                         0x0800033b   Thumb Code     0  startup_stm32f10x_hd.o(.text)
    UART5_IRQHandler                         0x0800033b   Thumb Code     0  startup_stm32f10x_hd.o(.text)
    USART1_IRQHandler                        0x0800033b   Thumb Code     0  startup_stm32f10x_hd.o(.text)
    USART2_IRQHandler                        0x0800033b   Thumb Code     0  startup_stm32f10x_hd.o(.text)
    USART3_IRQHandler                        0x0800033b   Thumb Code     0  startup_stm32f10x_hd.o(.text)
    USBWakeUp_IRQHandler                     0x0800033b   Thumb Code     0  startup_stm32f10x_hd.o(.text)
    USB_HP_CAN1_TX_IRQHandler                0x0800033b   Thumb Code     0  startup_stm32f10x_hd.o(.text)
    USB_LP_CAN1_RX0_IRQHandler               0x0800033b   Thumb Code     0  startup_stm32f10x_hd.o(.text)
    WWDG_IRQHandler                          0x0800033b   Thumb Code     0  startup_stm32f10x_hd.o(.text)
    __user_initial_stackheap                 0x0800033d   Thumb Code     0  startup_stm32f10x_hd.o(.text)
    __user_libspace                          0x08000361   Thumb Code     8  libspace.o(.text)
    __user_perproc_libspace                  0x08000361   Thumb Code     0  libspace.o(.text)
    __aeabi_memset                           0x08000369   Thumb Code    16  aeabi_memset.o(.text)
    __aeabi_memclr                           0x08000379   Thumb Code     0  rt_memclr.o(.text)
    __rt_memclr                              0x08000379   Thumb Code    68  rt_memclr.o(.text)
    _memset                                  0x0800037d   Thumb Code     0  rt_memclr.o(.text)
    __use_two_region_memory                  0x080003bd   Thumb Code     2  heapauxi.o(.text)
    __rt_heap_escrow$2region                 0x080003bf   Thumb Code     2  heapauxi.o(.text)
    __rt_heap_expand$2region                 0x080003c1   Thumb Code     2  heapauxi.o(.text)
    __aeabi_memclr4                          0x080003c3   Thumb Code     0  rt_memclr_w.o(.text)
    __aeabi_memclr8                          0x080003c3   Thumb Code     0  rt_memclr_w.o(.text)
    __rt_memclr_w                            0x080003c3   Thumb Code    78  rt_memclr_w.o(.text)
    _memset_w                                0x080003c7   Thumb Code     0  rt_memclr_w.o(.text)
    __user_setup_stackheap                   0x08000411   Thumb Code    74  sys_stackheap_outer.o(.text)
    exit                                     0x0800045b   Thumb Code    18  exit.o(.text)
    _sys_exit                                0x0800046d   Thumb Code     8  sys_exit.o(.text)
    __I$use$semihosting                      0x08000479   Thumb Code     0  use_no_semi.o(.text)
    __use_no_semihosting_swi                 0x08000479   Thumb Code     2  use_no_semi.o(.text)
    __semihosting_library_function           0x0800047b   Thumb Code     0  indicate_semi.o(.text)
    SVC_Count                                0x0800047c   Data           4  svc_table.o(SVC_TABLE)
    BusFault_Handler                         0x08000481   Thumb Code     4  stm32f10x_it.o(i.BusFault_Handler)
    SVC_Table                                0x08000480   Data           0  svc_table.o(SVC_TABLE)
    DebugMon_Handler                         0x08000485   Thumb Code     2  stm32f10x_it.o(i.DebugMon_Handler)
    GPIO_Init                                0x08000487   Thumb Code   278  stm32f10x_gpio.o(i.GPIO_Init)
    GPIO_ResetBits                           0x0800059d   Thumb Code     4  stm32f10x_gpio.o(i.GPIO_ResetBits)
    GPIO_SetBits                             0x080005a1   Thumb Code     4  stm32f10x_gpio.o(i.GPIO_SetBits)
    HardFault_Handler                        0x080005a5   Thumb Code     4  stm32f10x_it.o(i.HardFault_Handler)
    MemManage_Handler                        0x080005a9   Thumb Code     4  stm32f10x_it.o(i.MemManage_Handler)
    NMI_Handler                              0x080005ad   Thumb Code     2  stm32f10x_it.o(i.NMI_Handler)
    RCC_APB2PeriphClockCmd                   0x080005b1   Thumb Code    26  stm32f10x_rcc.o(i.RCC_APB2PeriphClockCmd)
    ResetUARTCurrentRecvDataIndex            0x080005d1   Thumb Code    24  uart.o(i.ResetUARTCurrentRecvDataIndex)
    SPIInit                                  0x080005ed   Thumb Code   154  spi.o(i.SPIInit)
    SPIWriteReadData                         0x0800069d   Thumb Code   120  spi.o(i.SPIWriteReadData)
    SPI_CSCtrl                               0x08000725   Thumb Code   130  spi.o(i.SPI_CSCtrl)
    SPI_Cmd                                  0x080007ad   Thumb Code    24  stm32f10x_spi.o(i.SPI_Cmd)
    SPI_FLASH_Write_Enable                   0x080007c5   Thumb Code    32  w25q64.o(i.SPI_FLASH_Write_Enable)
    SPI_Flash_Erase_Sector                   0x080007e5   Thumb Code    76  w25q64.o(i.SPI_Flash_Erase_Sector)
    SPI_Flash_Init                           0x08000831   Thumb Code   118  w25q64.o(i.SPI_Flash_Init)
    SPI_Flash_Read                           0x080008b9   Thumb Code    92  w25q64.o(i.SPI_Flash_Read)
    SPI_Flash_ReadID                         0x08000915   Thumb Code    82  w25q64.o(i.SPI_Flash_ReadID)
    SPI_Flash_ReadSR                         0x08000967   Thumb Code    46  w25q64.o(i.SPI_Flash_ReadSR)
    SPI_Flash_Wait_Busy                      0x08000995   Thumb Code    18  w25q64.o(i.SPI_Flash_Wait_Busy)
    SPI_Flash_Write                          0x080009a9   Thumb Code   176  w25q64.o(i.SPI_Flash_Write)
    SPI_Flash_Write_NoCheck                  0x08000a5d   Thumb Code    70  w25q64.o(i.SPI_Flash_Write_NoCheck)
    SPI_Flash_Write_Page                     0x08000aa3   Thumb Code    98  w25q64.o(i.SPI_Flash_Write_Page)
    SPI_I2S_GetFlagStatus                    0x08000b05   Thumb Code    18  stm32f10x_spi.o(i.SPI_I2S_GetFlagStatus)
    SPI_I2S_ReceiveData                      0x08000b17   Thumb Code     6  stm32f10x_spi.o(i.SPI_I2S_ReceiveData)
    SPI_I2S_SendData                         0x08000b1d   Thumb Code     4  stm32f10x_spi.o(i.SPI_I2S_SendData)
    SPI_Init                                 0x08000b21   Thumb Code    60  stm32f10x_spi.o(i.SPI_Init)
    SPI_SetSpeed                             0x08000b5d   Thumb Code    44  spi.o(i.SPI_SetSpeed)
    SystemInit                               0x08000c75   Thumb Code    78  system_stm32f10x.o(i.SystemInit)
    TIM3_IRQHandler                          0x08000cd5   Thumb Code    42  timer.o(i.TIM3_IRQHandler)
    TIM_ClearITPendingBit                    0x08000d09   Thumb Code     6  stm32f10x_tim.o(i.TIM_ClearITPendingBit)
    TIM_Cmd                                  0x08000d0f   Thumb Code    24  stm32f10x_tim.o(i.TIM_Cmd)
    TIM_GetITStatus                          0x08000d27   Thumb Code    34  stm32f10x_tim.o(i.TIM_GetITStatus)
    TimerCtrl                                0x08000d49   Thumb Code    48  timer.o(i.TimerCtrl)
    UsageFault_Handler                       0x08000d7d   Thumb Code     4  stm32f10x_it.o(i.UsageFault_Handler)
    _init_box                                0x08000d81   Thumb Code    70  rt_membox.o(i._init_box)
    _mutex_acquire                           0x08000dc9   Thumb Code    26  rtx_conf_cm.o(i._mutex_acquire)
    _mutex_release                           0x08000de9   Thumb Code    22  rtx_conf_cm.o(i._mutex_release)
    dbg_init                                 0x08000e05   Thumb Code    34  hal_cm3.o(i.dbg_init)
    dbg_task_notify                          0x08000e35   Thumb Code    32  hal_cm3.o(i.dbg_task_notify)
    dbg_task_switch                          0x08000e55   Thumb Code    16  hal_cm3.o(i.dbg_task_switch)
    init_task                                0x08000e65   Thumb Code    28  main.o(i.init_task)
    isr_sem_send                             0x08000e91   Thumb Code    16  rt_semaphore.o(i.isr_sem_send)
    main                                     0x08000ea1   Thumb Code    20  main.o(i.main)
    os_error                                 0x08000ebd   Thumb Code     4  rtx_conf_cm.o(i.os_error)
    os_idle_demon                            0x08000ec1   Thumb Code     4  rtx_conf_cm.o(i.os_idle_demon)
    os_tick_init                             0x08000ec5   Thumb Code    32  rt_system.o(i.os_tick_init)
    os_tick_irqack                           0x08000eed   Thumb Code     2  rt_system.o(i.os_tick_irqack)
    os_tmr_call                              0x08000eef   Thumb Code     2  rtx_conf_cm.o(i.os_tmr_call)
    rt_alloc_box                             0x08000ef1   Thumb Code    26  rt_membox.o(i.rt_alloc_box)
    rt_block                                 0x08000f0d   Thumb Code    48  rt_task.o(i.rt_block)
    rt_chk_robin                             0x08000f45   Thumb Code    60  rt_robin.o(i.rt_chk_robin)
    rt_dec_dly                               0x08000f8d   Thumb Code   106  rt_list.o(i.rt_dec_dly)
    rt_dispatch                              0x08001001   Thumb Code    60  rt_task.o(i.rt_dispatch)
    rt_evt_psh                               0x08001045   Thumb Code    72  rt_event.o(i.rt_evt_psh)
    rt_free_box                              0x08001091   Thumb Code    32  rt_membox.o(i.rt_free_box)
    rt_get_first                             0x080010b1   Thumb Code    40  rt_list.o(i.rt_get_first)
    rt_get_same_rdy_prio                     0x080010d9   Thumb Code    26  rt_list.o(i.rt_get_same_rdy_prio)
    rt_init_robin                            0x08001149   Thumb Code    14  rt_robin.o(i.rt_init_robin)
    rt_init_stack                            0x08001161   Thumb Code    70  hal_cm3.o(i.rt_init_stack)
    rt_mbx_psh                               0x080011b1   Thumb Code   206  rt_mailbox.o(i.rt_mbx_psh)
    rt_mut_init                              0x08001285   Thumb Code    16  rt_mutex.o(i.rt_mut_init)
    rt_mut_release                           0x08001295   Thumb Code   220  rt_mutex.o(i.rt_mut_release)
    rt_mut_wait                              0x08001379   Thumb Code   100  rt_mutex.o(i.rt_mut_wait)
    rt_pop_req                               0x080013e1   Thumb Code   112  rt_system.o(i.rt_pop_req)
    rt_psh_req                               0x0800145d   Thumb Code    22  rt_system.o(i.rt_psh_req)
    rt_psq_enq                               0x0800147d   Thumb Code    88  rt_list.o(i.rt_psq_enq)
    rt_put_dly                               0x080014d9   Thumb Code    68  rt_list.o(i.rt_put_dly)
    rt_put_prio                              0x08001521   Thumb Code    54  rt_list.o(i.rt_put_prio)
    rt_put_rdy_first                         0x08001559   Thumb Code    14  rt_list.o(i.rt_put_rdy_first)
    rt_resort_prio                           0x0800156d   Thumb Code    46  rt_list.o(i.rt_resort_prio)
    rt_rmv_dly                               0x080015a1   Thumb Code    40  rt_list.o(i.rt_rmv_dly)
    rt_rmv_list                              0x080015c9   Thumb Code    44  rt_list.o(i.rt_rmv_list)
    rt_sem_psh                               0x080015f9   Thumb Code    46  rt_semaphore.o(i.rt_sem_psh)
    rt_stk_check                             0x0800162d   Thumb Code    28  rt_system.o(i.rt_stk_check)
    rt_switch_req                            0x08001651   Thumb Code    30  rt_task.o(i.rt_switch_req)
    rt_sys_init                              0x08001679   Thumb Code   268  rt_task.o(i.rt_sys_init)
    rt_systick                               0x080017cd   Thumb Code    50  rt_system.o(i.rt_systick)
    rt_tmr_tick                              0x0800180d   Thumb Code    56  rt_timer.o(i.rt_tmr_tick)
    rt_tsk_create                            0x0800184d   Thumb Code   122  rt_task.o(i.rt_tsk_create)
    rt_tsk_pass                              0x080018dd   Thumb Code    38  rt_task.o(i.rt_tsk_pass)
    rt_tsk_self                              0x0800190d   Thumb Code    12  rt_task.o(i.rt_tsk_self)
    task1                                    0x0800191d   Thumb Code    60  main.o(i.task1)
    os_maxtaskrun                            0x08001964   Data           2  rtx_conf_cm.o(.constdata)
    os_stackinfo                             0x08001968   Data           4  rtx_conf_cm.o(.constdata)
    os_rrobin                                0x0800196c   Data           4  rtx_conf_cm.o(.constdata)
    os_trv                                   0x08001970   Data           4  rtx_conf_cm.o(.constdata)
    os_flags                                 0x08001974   Data           1  rtx_conf_cm.o(.constdata)
    os_clockrate                             0x08001978   Data           4  rtx_conf_cm.o(.constdata)
    os_timernum                              0x0800197c   Data           4  rtx_conf_cm.o(.constdata)
    mp_tcb_size                              0x08001980   Data           2  rtx_conf_cm.o(.constdata)
    mp_stk_size                              0x08001984   Data           4  rtx_conf_cm.o(.constdata)
    os_fifo_size                             0x08001988   Data           1  rtx_conf_cm.o(.constdata)
    mp_tmr_size                              0x0800198a   Data           2  rtx_conf_cm.o(.constdata)
    RL_RTX_Version                           0x0800198c   Data           4  rt_system.o(.constdata)
    Region$$Table$$Base                      0x08001990   Number         0  anon$$obj.o(Region$$Table)
    Region$$Table$$Limit                     0x080019b0   Number         0  anon$$obj.o(Region$$Table)
    tsk1                                     0x20000000   Data           4  main.o(.data)
    tsk2                                     0x20000004   Data           4  main.o(.data)
    m_tmr                                    0x20000008   Data           4  rtx_conf_cm.o(.data)
    g_sSEM_Recv_UART1                        0x20000018   Data           8  uart.o(.data)
    SPI_FLASH_TYPE                           0x20000020   Data           2  w25q64.o(.data)
    os_tsk                                   0x20000024   Data           8  rt_task.o(.data)
    os_time                                  0x2000002c   Data           4  rt_time.o(.data)
    dbg_msg                                  0x20000030   Data           1  hal_cm3.o(.data)
    os_tick_irqn                             0x20000038   Data           4  rt_system.o(.data)
    os_robin                                 0x2000003c   Data           8  rt_robin.o(.data)
    os_tmr                                   0x20000044   Data           8  rt_timer.o(.data)
    mp_tcb                                   0x20000250   Data         572  rtx_conf_cm.o(.bss)
    mp_stk                                   0x20000490   Data       45072  rtx_conf_cm.o(.bss)
    os_fifo                                  0x2000b4a0   Data         132  rtx_conf_cm.o(.bss)
    os_active_TCB                            0x2000b524   Data          40  rtx_conf_cm.o(.bss)
    SPI_FLASH_BUF                            0x2000b99c   Data        4096  w25q64.o(.bss)
    os_idle_TCB                              0x2000c99c   Data          56  rt_task.o(.bss)
    os_rdy                                   0x2000c9d4   Data          24  rt_list.o(.bss)
    os_dly                                   0x2000c9ec   Data          24  rt_list.o(.bss)
    __libspace_start                         0x2000ca04   Data          96  libspace.o(.bss)
    __temporary_stack_top$libspace           0x2000ca64   Data           0  libspace.o(.bss)



==============================================================================

Memory Map of the image

  Image Entry point : 0x08000131

  Load Region LR_IROM1 (Base: 0x08000000, Size: 0x000019fc, Max: 0x00080000, ABSOLUTE)

    Execution Region ER_IROM1 (Exec base: 0x08000000, Load base: 0x08000000, Size: 0x000019b0, Max: 0x00080000, ABSOLUTE)

    Exec Addr    Load Addr    Size         Type   Attr      Idx    E Section Name        Object

    0x08000000   0x08000000   0x00000130   Data   RO           19    RESET               startup_stm32f10x_hd.o
    0x08000130   0x08000130   0x00000008   Code   RO         4485  * !!!main             c_w.l(__main.o)
    0x08000138   0x08000138   0x00000034   Code   RO         4643    !!!scatter          c_w.l(__scatter.o)
    0x0800016c   0x0800016c   0x0000001a   Code   RO         4645    !!handler_copy      c_w.l(__scatter_copy.o)
    0x08000186   0x08000186   0x00000002   PAD
    0x08000188   0x08000188   0x0000001c   Code   RO         4647    !!handler_zi        c_w.l(__scatter_zi.o)
    0x080001a4   0x080001a4   0x00000002   Code   RO         4516    .ARM.Collect$$libinit$$00000000  c_w.l(libinit.o)
    0x080001a6   0x080001a6   0x00000000   Code   RO         4520    .ARM.Collect$$libinit$$00000002  c_w.l(libinit2.o)
    0x080001a6   0x080001a6   0x00000000   Code   RO         4522    .ARM.Collect$$libinit$$00000004  c_w.l(libinit2.o)
    0x080001a6   0x080001a6   0x00000000   Code   RO         4525    .ARM.Collect$$libinit$$0000000A  c_w.l(libinit2.o)
    0x080001a6   0x080001a6   0x00000000   Code   RO         4527    .ARM.Collect$$libinit$$0000000C  c_w.l(libinit2.o)
    0x080001a6   0x080001a6   0x00000000   Code   RO         4529    .ARM.Collect$$libinit$$0000000E  c_w.l(libinit2.o)
    0x080001a6   0x080001a6   0x00000000   Code   RO         4532    .ARM.Collect$$libinit$$00000011  c_w.l(libinit2.o)
    0x080001a6   0x080001a6   0x00000000   Code   RO         4534    .ARM.Collect$$libinit$$00000013  c_w.l(libinit2.o)
    0x080001a6   0x080001a6   0x00000000   Code   RO         4536    .ARM.Collect$$libinit$$00000015  c_w.l(libinit2.o)
    0x080001a6   0x080001a6   0x00000000   Code   RO         4538    .ARM.Collect$$libinit$$00000017  c_w.l(libinit2.o)
    0x080001a6   0x080001a6   0x00000000   Code   RO         4540    .ARM.Collect$$libinit$$00000019  c_w.l(libinit2.o)
    0x080001a6   0x080001a6   0x00000000   Code   RO         4542    .ARM.Collect$$libinit$$0000001B  c_w.l(libinit2.o)
    0x080001a6   0x080001a6   0x00000000   Code   RO         4544    .ARM.Collect$$libinit$$0000001D  c_w.l(libinit2.o)
    0x080001a6   0x080001a6   0x00000000   Code   RO         4546    .ARM.Collect$$libinit$$0000001F  c_w.l(libinit2.o)
    0x080001a6   0x080001a6   0x00000000   Code   RO         4548    .ARM.Collect$$libinit$$00000021  c_w.l(libinit2.o)
    0x080001a6   0x080001a6   0x00000000   Code   RO         4550    .ARM.Collect$$libinit$$00000023  c_w.l(libinit2.o)
    0x080001a6   0x080001a6   0x00000000   Code   RO         4552    .ARM.Collect$$libinit$$00000025  c_w.l(libinit2.o)
    0x080001a6   0x080001a6   0x00000000   Code   RO         4556    .ARM.Collect$$libinit$$0000002C  c_w.l(libinit2.o)
    0x080001a6   0x080001a6   0x00000000   Code   RO         4558    .ARM.Collect$$libinit$$0000002E  c_w.l(libinit2.o)
    0x080001a6   0x080001a6   0x00000000   Code   RO         4560    .ARM.Collect$$libinit$$00000030  c_w.l(libinit2.o)
    0x080001a6   0x080001a6   0x00000000   Code   RO         4562    .ARM.Collect$$libinit$$00000032  c_w.l(libinit2.o)
    0x080001a6   0x080001a6   0x00000002   Code   RO         4563    .ARM.Collect$$libinit$$00000033  c_w.l(libinit2.o)
    0x080001a8   0x080001a8   0x00000002   Code   RO         4583    .ARM.Collect$$libshutdown$$00000000  c_w.l(libshutdown.o)
    0x080001aa   0x080001aa   0x00000000   Code   RO         4596    .ARM.Collect$$libshutdown$$00000002  c_w.l(libshutdown2.o)
    0x080001aa   0x080001aa   0x00000000   Code   RO         4598    .ARM.Collect$$libshutdown$$00000004  c_w.l(libshutdown2.o)
    0x080001aa   0x080001aa   0x00000000   Code   RO         4601    .ARM.Collect$$libshutdown$$00000007  c_w.l(libshutdown2.o)
    0x080001aa   0x080001aa   0x00000000   Code   RO         4604    .ARM.Collect$$libshutdown$$0000000A  c_w.l(libshutdown2.o)
    0x080001aa   0x080001aa   0x00000000   Code   RO         4606    .ARM.Collect$$libshutdown$$0000000C  c_w.l(libshutdown2.o)
    0x080001aa   0x080001aa   0x00000000   Code   RO         4609    .ARM.Collect$$libshutdown$$0000000F  c_w.l(libshutdown2.o)
    0x080001aa   0x080001aa   0x00000002   Code   RO         4610    .ARM.Collect$$libshutdown$$00000010  c_w.l(libshutdown2.o)
    0x080001ac   0x080001ac   0x00000000   Code   RO         4487    .ARM.Collect$$rtentry$$00000000  c_w.l(__rtentry.o)
    0x080001ac   0x080001ac   0x00000000   Code   RO         4493    .ARM.Collect$$rtentry$$00000002  c_w.l(__rtentry2.o)
    0x080001ac   0x080001ac   0x00000006   Code   RO         4505    .ARM.Collect$$rtentry$$00000004  c_w.l(__rtentry4.o)
    0x080001b2   0x080001b2   0x00000000   Code   RO         4495    .ARM.Collect$$rtentry$$00000009  c_w.l(__rtentry2.o)
    0x080001b2   0x080001b2   0x00000004   Code   RO         4496    .ARM.Collect$$rtentry$$0000000A  c_w.l(__rtentry2.o)
    0x080001b6   0x080001b6   0x00000000   Code   RO         4498    .ARM.Collect$$rtentry$$0000000C  c_w.l(__rtentry2.o)
    0x080001b6   0x080001b6   0x00000008   Code   RO         4499    .ARM.Collect$$rtentry$$0000000D  c_w.l(__rtentry2.o)
    0x080001be   0x080001be   0x00000002   Code   RO         4517    .ARM.Collect$$rtexit$$00000000  c_w.l(rtexit.o)
    0x080001c0   0x080001c0   0x00000000   Code   RO         4565    .ARM.Collect$$rtexit$$00000002  c_w.l(rtexit2.o)
    0x080001c0   0x080001c0   0x00000004   Code   RO         4566    .ARM.Collect$$rtexit$$00000003  c_w.l(rtexit2.o)
    0x080001c4   0x080001c4   0x00000006   Code   RO         4567    .ARM.Collect$$rtexit$$00000004  c_w.l(rtexit2.o)
    0x080001ca   0x080001ca   0x00000002   PAD
    0x080001cc   0x080001cc   0x00000154   Code   RO         4092    .emb_text           RTX_CM3.lib(hal_cm3.o)
    0x08000320   0x08000320   0x00000040   Code   RO           20    .text               startup_stm32f10x_hd.o
    0x08000360   0x08000360   0x00000008   Code   RO         4474    .text               c_w.l(libspace.o)
    0x08000368   0x08000368   0x00000010   Code   RO         4479    .text               c_w.l(aeabi_memset.o)
    0x08000378   0x08000378   0x00000044   Code   RO         4481    .text               c_w.l(rt_memclr.o)
    0x080003bc   0x080003bc   0x00000006   Code   RO         4483    .text               c_w.l(heapauxi.o)
    0x080003c2   0x080003c2   0x0000004e   Code   RO         4490    .text               c_w.l(rt_memclr_w.o)
    0x08000410   0x08000410   0x0000004a   Code   RO         4507    .text               c_w.l(sys_stackheap_outer.o)
    0x0800045a   0x0800045a   0x00000012   Code   RO         4509    .text               c_w.l(exit.o)
    0x0800046c   0x0800046c   0x0000000c   Code   RO         4575    .text               c_w.l(sys_exit.o)
    0x08000478   0x08000478   0x00000002   Code   RO         4586    .text               c_w.l(use_no_semi.o)
    0x0800047a   0x0800047a   0x00000000   Code   RO         4588    .text               c_w.l(indicate_semi.o)
    0x0800047a   0x0800047a   0x00000002   PAD
    0x0800047c   0x0800047c   0x00000004   Code   RO         4352    SVC_TABLE           RTX_CM3.lib(svc_table.o)
    0x08000480   0x08000480   0x00000004   Code   RO          165    i.BusFault_Handler  stm32f10x_it.o
    0x08000484   0x08000484   0x00000002   Code   RO          166    i.DebugMon_Handler  stm32f10x_it.o
    0x08000486   0x08000486   0x00000116   Code   RO         1395    i.GPIO_Init         stm32f10x_gpio.o
    0x0800059c   0x0800059c   0x00000004   Code   RO         1402    i.GPIO_ResetBits    stm32f10x_gpio.o
    0x080005a0   0x080005a0   0x00000004   Code   RO         1403    i.GPIO_SetBits      stm32f10x_gpio.o
    0x080005a4   0x080005a4   0x00000004   Code   RO          167    i.HardFault_Handler  stm32f10x_it.o
    0x080005a8   0x080005a8   0x00000004   Code   RO          168    i.MemManage_Handler  stm32f10x_it.o
    0x080005ac   0x080005ac   0x00000002   Code   RO          169    i.NMI_Handler       stm32f10x_it.o
    0x080005ae   0x080005ae   0x00000002   PAD
    0x080005b0   0x080005b0   0x00000020   Code   RO         1813    i.RCC_APB2PeriphClockCmd  stm32f10x_rcc.o
    0x080005d0   0x080005d0   0x0000001c   Code   RO         3640    i.ResetUARTCurrentRecvDataIndex  uart.o
    0x080005ec   0x080005ec   0x000000b0   Code   RO         3557    i.SPIInit           spi.o
    0x0800069c   0x0800069c   0x00000088   Code   RO         3558    i.SPIWriteReadData  spi.o
    0x08000724   0x08000724   0x00000088   Code   RO         3559    i.SPI_CSCtrl        spi.o
    0x080007ac   0x080007ac   0x00000018   Code   RO         2290    i.SPI_Cmd           stm32f10x_spi.o
    0x080007c4   0x080007c4   0x00000020   Code   RO         3743    i.SPI_FLASH_Write_Enable  w25q64.o
    0x080007e4   0x080007e4   0x0000004c   Code   RO         3746    i.SPI_Flash_Erase_Sector  w25q64.o
    0x08000830   0x08000830   0x00000088   Code   RO         3747    i.SPI_Flash_Init    w25q64.o
    0x080008b8   0x080008b8   0x0000005c   Code   RO         3749    i.SPI_Flash_Read    w25q64.o
    0x08000914   0x08000914   0x00000052   Code   RO         3750    i.SPI_Flash_ReadID  w25q64.o
    0x08000966   0x08000966   0x0000002e   Code   RO         3751    i.SPI_Flash_ReadSR  w25q64.o
    0x08000994   0x08000994   0x00000012   Code   RO         3753    i.SPI_Flash_Wait_Busy  w25q64.o
    0x080009a6   0x080009a6   0x00000002   PAD
    0x080009a8   0x080009a8   0x000000b4   Code   RO         3754    i.SPI_Flash_Write   w25q64.o
    0x08000a5c   0x08000a5c   0x00000046   Code   RO         3755    i.SPI_Flash_Write_NoCheck  w25q64.o
    0x08000aa2   0x08000aa2   0x00000062   Code   RO         3756    i.SPI_Flash_Write_Page  w25q64.o
    0x08000b04   0x08000b04   0x00000012   Code   RO         2298    i.SPI_I2S_GetFlagStatus  stm32f10x_spi.o
    0x08000b16   0x08000b16   0x00000006   Code   RO         2301    i.SPI_I2S_ReceiveData  stm32f10x_spi.o
    0x08000b1c   0x08000b1c   0x00000004   Code   RO         2302    i.SPI_I2S_SendData  stm32f10x_spi.o
    0x08000b20   0x08000b20   0x0000003c   Code   RO         2303    i.SPI_Init          stm32f10x_spi.o
    0x08000b5c   0x08000b5c   0x00000030   Code   RO         3560    i.SPI_SetSpeed      spi.o
    0x08000b8c   0x08000b8c   0x00000008   Code   RO          210    i.SetSysClock       system_stm32f10x.o
    0x08000b94   0x08000b94   0x000000e0   Code   RO          211    i.SetSysClockTo72   system_stm32f10x.o
    0x08000c74   0x08000c74   0x00000060   Code   RO          213    i.SystemInit        system_stm32f10x.o
    0x08000cd4   0x08000cd4   0x00000034   Code   RO         3606    i.TIM3_IRQHandler   timer.o
    0x08000d08   0x08000d08   0x00000006   Code   RO         2440    i.TIM_ClearITPendingBit  stm32f10x_tim.o
    0x08000d0e   0x08000d0e   0x00000018   Code   RO         2445    i.TIM_Cmd           stm32f10x_tim.o
    0x08000d26   0x08000d26   0x00000022   Code   RO         2466    i.TIM_GetITStatus   stm32f10x_tim.o
    0x08000d48   0x08000d48   0x00000034   Code   RO         3608    i.TimerCtrl         timer.o
    0x08000d7c   0x08000d7c   0x00000004   Code   RO          170    i.UsageFault_Handler  stm32f10x_it.o
    0x08000d80   0x08000d80   0x00000046   Code   RO         4319    i._init_box         RTX_CM3.lib(rt_membox.o)
    0x08000dc6   0x08000dc6   0x00000002   PAD
    0x08000dc8   0x08000dc8   0x00000020   Code   RO         3212    i._mutex_acquire    rtx_conf_cm.o
    0x08000de8   0x08000de8   0x0000001c   Code   RO         3214    i._mutex_release    rtx_conf_cm.o
    0x08000e04   0x08000e04   0x00000030   Code   RO         4093    i.dbg_init          RTX_CM3.lib(hal_cm3.o)
    0x08000e34   0x08000e34   0x00000020   Code   RO         4094    i.dbg_task_notify   RTX_CM3.lib(hal_cm3.o)
    0x08000e54   0x08000e54   0x00000010   Code   RO         4095    i.dbg_task_switch   RTX_CM3.lib(hal_cm3.o)
    0x08000e64   0x08000e64   0x0000002c   Code   RO           24    i.init_task         main.o
    0x08000e90   0x08000e90   0x00000010   Code   RO         3995    i.isr_sem_send      RTX_CM3.lib(rt_semaphore.o)
    0x08000ea0   0x08000ea0   0x0000001c   Code   RO           25    i.main              main.o
    0x08000ebc   0x08000ebc   0x00000004   Code   RO         3215    i.os_error          rtx_conf_cm.o
    0x08000ec0   0x08000ec0   0x00000004   Code   RO         3216    i.os_idle_demon     rtx_conf_cm.o
    0x08000ec4   0x08000ec4   0x00000028   Code   RO         4134    i.os_tick_init      RTX_CM3.lib(rt_system.o)
    0x08000eec   0x08000eec   0x00000002   Code   RO         4135    i.os_tick_irqack    RTX_CM3.lib(rt_system.o)
    0x08000eee   0x08000eee   0x00000002   Code   RO         3217    i.os_tmr_call       rtx_conf_cm.o
    0x08000ef0   0x08000ef0   0x0000001a   Code   RO         4320    i.rt_alloc_box      RTX_CM3.lib(rt_membox.o)
    0x08000f0a   0x08000f0a   0x00000002   PAD
    0x08000f0c   0x08000f0c   0x00000038   Code   RO         3896    i.rt_block          RTX_CM3.lib(rt_task.o)
    0x08000f44   0x08000f44   0x00000048   Code   RO         4297    i.rt_chk_robin      RTX_CM3.lib(rt_robin.o)
    0x08000f8c   0x08000f8c   0x00000074   Code   RO         4218    i.rt_dec_dly        RTX_CM3.lib(rt_list.o)
    0x08001000   0x08001000   0x00000044   Code   RO         3897    i.rt_dispatch       RTX_CM3.lib(rt_task.o)
    0x08001044   0x08001044   0x0000004c   Code   RO         4358    i.rt_evt_psh        RTX_CM3.lib(rt_event.o)
    0x08001090   0x08001090   0x00000020   Code   RO         4321    i.rt_free_box       RTX_CM3.lib(rt_membox.o)
    0x080010b0   0x080010b0   0x00000028   Code   RO         4219    i.rt_get_first      RTX_CM3.lib(rt_list.o)
    0x080010d8   0x080010d8   0x00000024   Code   RO         4220    i.rt_get_same_rdy_prio  RTX_CM3.lib(rt_list.o)
    0x080010fc   0x080010fc   0x0000004c   Code   RO         3898    i.rt_init_context   RTX_CM3.lib(rt_task.o)
    0x08001148   0x08001148   0x00000018   Code   RO         4298    i.rt_init_robin     RTX_CM3.lib(rt_robin.o)
    0x08001160   0x08001160   0x00000050   Code   RO         4096    i.rt_init_stack     RTX_CM3.lib(hal_cm3.o)
    0x080011b0   0x080011b0   0x000000d4   Code   RO         4401    i.rt_mbx_psh        RTX_CM3.lib(rt_mailbox.o)
    0x08001284   0x08001284   0x00000010   Code   RO         4068    i.rt_mut_init       RTX_CM3.lib(rt_mutex.o)
    0x08001294   0x08001294   0x000000e4   Code   RO         4069    i.rt_mut_release    RTX_CM3.lib(rt_mutex.o)
    0x08001378   0x08001378   0x00000068   Code   RO         4070    i.rt_mut_wait       RTX_CM3.lib(rt_mutex.o)
    0x080013e0   0x080013e0   0x0000007c   Code   RO         4136    i.rt_pop_req        RTX_CM3.lib(rt_system.o)
    0x0800145c   0x0800145c   0x00000020   Code   RO         4137    i.rt_psh_req        RTX_CM3.lib(rt_system.o)
    0x0800147c   0x0800147c   0x0000005c   Code   RO         4221    i.rt_psq_enq        RTX_CM3.lib(rt_list.o)
    0x080014d8   0x080014d8   0x00000048   Code   RO         4222    i.rt_put_dly        RTX_CM3.lib(rt_list.o)
    0x08001520   0x08001520   0x00000036   Code   RO         4223    i.rt_put_prio       RTX_CM3.lib(rt_list.o)
    0x08001556   0x08001556   0x00000002   PAD
    0x08001558   0x08001558   0x00000014   Code   RO         4224    i.rt_put_rdy_first  RTX_CM3.lib(rt_list.o)
    0x0800156c   0x0800156c   0x00000034   Code   RO         4225    i.rt_resort_prio    RTX_CM3.lib(rt_list.o)
    0x080015a0   0x080015a0   0x00000028   Code   RO         4226    i.rt_rmv_dly        RTX_CM3.lib(rt_list.o)
    0x080015c8   0x080015c8   0x00000030   Code   RO         4227    i.rt_rmv_list       RTX_CM3.lib(rt_list.o)
    0x080015f8   0x080015f8   0x00000034   Code   RO         3997    i.rt_sem_psh        RTX_CM3.lib(rt_semaphore.o)
    0x0800162c   0x0800162c   0x00000024   Code   RO         4139    i.rt_stk_check      RTX_CM3.lib(rt_system.o)
    0x08001650   0x08001650   0x00000028   Code   RO         3899    i.rt_switch_req     RTX_CM3.lib(rt_task.o)
    0x08001678   0x08001678   0x00000154   Code   RO         3900    i.rt_sys_init       RTX_CM3.lib(rt_task.o)
    0x080017cc   0x080017cc   0x00000040   Code   RO         4141    i.rt_systick        RTX_CM3.lib(rt_system.o)
    0x0800180c   0x0800180c   0x00000040   Code   RO         4447    i.rt_tmr_tick       RTX_CM3.lib(rt_timer.o)
    0x0800184c   0x0800184c   0x00000090   Code   RO         3901    i.rt_tsk_create     RTX_CM3.lib(rt_task.o)
    0x080018dc   0x080018dc   0x00000030   Code   RO         3903    i.rt_tsk_pass       RTX_CM3.lib(rt_task.o)
    0x0800190c   0x0800190c   0x00000010   Code   RO         3905    i.rt_tsk_self       RTX_CM3.lib(rt_task.o)
    0x0800191c   0x0800191c   0x00000048   Code   RO           26    i.task1             main.o
    0x08001964   0x08001964   0x00000028   Data   RO         3219    .constdata          rtx_conf_cm.o
    0x0800198c   0x0800198c   0x00000004   Data   RO         4144    .constdata          RTX_CM3.lib(rt_system.o)
    0x08001990   0x08001990   0x00000020   Data   RO         4641    Region$$Table       anon$$obj.o


    Execution Region RW_IRAM1 (Exec base: 0x20000000, Load base: 0x080019b0, Size: 0x0000d068, Max: 0x00010000, ABSOLUTE)

    Exec Addr    Load Addr    Size         Type   Attr      Idx    E Section Name        Object

    0x20000000   0x080019b0   0x00000008   Data   RW           29    .data               main.o
    0x20000008   0x080019b8   0x00000008   Data   RW         3220    .data               rtx_conf_cm.o
    0x20000010   0x080019c0   0x00000001   Data   RW         3562    .data               spi.o
    0x20000011   0x080019c1   0x00000003   PAD
    0x20000014   0x080019c4   0x0000000c   Data   RW         3650    .data               uart.o
    0x20000020   0x080019d0   0x00000002   Data   RW         3758    .data               w25q64.o
    0x20000022   0x080019d2   0x00000002   PAD
    0x20000024   0x080019d4   0x00000008   Data   RW         3907    .data               RTX_CM3.lib(rt_task.o)
    0x2000002c   0x080019dc   0x00000004   Data   RW         4039    .data               RTX_CM3.lib(rt_time.o)
    0x20000030   0x080019e0   0x00000001   Data   RW         4097    .data               RTX_CM3.lib(hal_cm3.o)
    0x20000031   0x080019e1   0x00000003   PAD
    0x20000034   0x080019e4   0x00000008   Data   RW         4145    .data               RTX_CM3.lib(rt_system.o)
    0x2000003c   0x080019ec   0x00000008   Data   RW         4299    .data               RTX_CM3.lib(rt_robin.o)
    0x20000044   0x080019f4   0x00000008   Data   RW         4448    .data               RTX_CM3.lib(rt_timer.o)
    0x2000004c        -       0x00000200   Zero   RW           28    .bss                main.o
    0x2000024c   0x080019fc   0x00000004   PAD
    0x20000250        -       0x0000b73c   Zero   RW         3218    .bss                rtx_conf_cm.o
    0x2000b98c        -       0x00000010   Zero   RW         3561    .bss                spi.o
    0x2000b99c        -       0x00001000   Zero   RW         3757    .bss                w25q64.o
    0x2000c99c        -       0x00000038   Zero   RW         3906    .bss                RTX_CM3.lib(rt_task.o)
    0x2000c9d4        -       0x00000030   Zero   RW         4228    .bss                RTX_CM3.lib(rt_list.o)
    0x2000ca04        -       0x00000060   Zero   RW         4475    .bss                c_w.l(libspace.o)
    0x2000ca64   0x080019fc   0x00000004   PAD
    0x2000ca68        -       0x00000200   Zero   RW           18    HEAP                startup_stm32f10x_hd.o
    0x2000cc68        -       0x00000400   Zero   RW           17    STACK               startup_stm32f10x_hd.o


==============================================================================

Image component sizes


      Code (inc. data)   RO Data    RW Data    ZI Data      Debug   Object Name

         0          0          0          0          0       4540   core_cm3.o
         0          0          0          0          0       7332   hal.o
       144         36          0          8        512     248007   main.o
         0          0          0          0          0        476   rc522.o
        70         12         40          8      46908       3821   rtx_conf_cm.o
       496         48          0          1         16       3377   spi.o
        64         26        304          0       1536        920   startup_stm32f10x_hd.o
       286          0          0          0          0       3264   stm32f10x_gpio.o
        20          0          0          0          0       2645   stm32f10x_it.o
        32          6          0          0          0        621   stm32f10x_rcc.o
       112          0          0          0          0       4174   stm32f10x_spi.o
        64          0          0          0          0       2516   stm32f10x_tim.o
       328         28          0          0          0       1937   system_stm32f10x.o
       104         14          0          0          0       1106   timer.o
        28          4          0         12          0       2019   uart.o
       830         22          0          2       4096       6718   w25q64.o

    ----------------------------------------------------------------------
      2582        196        376         36      53072     293473   Object Totals
         0          0         32          0          0          0   (incl. Generated)
         4          0          0          5          4          0   (incl. Padding)

    ----------------------------------------------------------------------

      Code (inc. data)   RO Data    RW Data    ZI Data      Debug   Library Member Name

       516         56          0          1          0       2793   hal_cm3.o
        76          4          0          0          0        613   rt_event.o
       570         44          0          0         48       8236   rt_list.o
       212          6          0          0          0        781   rt_mailbox.o
       128          0          0          0          0       1785   rt_membox.o
       348         12          0          0          0       1893   rt_mutex.o
        96         22          0          8          0       1046   rt_robin.o
        68          6          0          0          0       1008   rt_semaphore.o
       298         52          4          8          0       3698   rt_system.o
       788        140          0          8         56       7226   rt_task.o
         0          0          0          4          0        174   rt_time.o
        64          8          0          8          0        631   rt_timer.o
         4          4          0          0          0        168   svc_table.o
         8          0          0          0          0         68   __main.o
         0          0          0          0          0          0   __rtentry.o
        12          0          0          0          0          0   __rtentry2.o
         6          0          0          0          0          0   __rtentry4.o
        52          8          0          0          0          0   __scatter.o
        26          0          0          0          0          0   __scatter_copy.o
        28          0          0          0          0          0   __scatter_zi.o
        16          0          0          0          0         68   aeabi_memset.o
        18          0          0          0          0         80   exit.o
         6          0          0          0          0        152   heapauxi.o
         0          0          0          0          0          0   indicate_semi.o
         2          0          0          0          0          0   libinit.o
         2          0          0          0          0          0   libinit2.o
         2          0          0          0          0          0   libshutdown.o
         2          0          0          0          0          0   libshutdown2.o
         8          4          0          0         96         68   libspace.o
        68          0          0          0          0         68   rt_memclr.o
        78          0          0          0          0         80   rt_memclr_w.o
         2          0          0          0          0          0   rtexit.o
        10          0          0          0          0          0   rtexit2.o
        12          4          0          0          0         68   sys_exit.o
        74          0          0          0          0         80   sys_stackheap_outer.o
         2          0          0          0          0         68   use_no_semi.o

    ----------------------------------------------------------------------
      3614        370          4         40        204      30852   Library Totals
        12          0          0          3          4          0   (incl. Padding)

    ----------------------------------------------------------------------

      Code (inc. data)   RO Data    RW Data    ZI Data      Debug   Library Name

      3168        354          4         37        104      30052   RTX_CM3.lib
       434         16          0          0         96        800   c_w.l

    ----------------------------------------------------------------------
      3614        370          4         40        204      30852   Library Totals

    ----------------------------------------------------------------------

==============================================================================


      Code (inc. data)   RO Data    RW Data    ZI Data      Debug   

      6196        566        380         76      53276     319901   Grand Totals
      6196        566        380         76      53276     319901   ELF Image Totals
      6196        566        380         76          0          0   ROM Totals

==============================================================================

    Total RO  Size (Code + RO Data)                 6576 (   6.42kB)
    Total RW  Size (RW Data + ZI Data)             53352 (  52.10kB)
    Total ROM Size (Code + RO Data + RW Data)       6652 (   6.50kB)

==============================================================================

