<html>
<body>
<pre>
<h1>µVision Build Log</h1>
<h2>Project:</h2>
E:\Git hub\Master-design\STM32F10x template\project\project.uvproj
Project File Date:  09/16/2017

<h2>Output:</h2>
Build target 'stm32f103ze'
compiling core_cm3.c...
assembling startup_stm32f10x_hd.s...
compiling Retarget.c...
compiling main.c...
..\app\main.c(16): warning:  #167-D: argument of type "void *" is incompatible with parameter of type "void (*)(void)"
      os_sys_init ((void *)init_task);  /* start the kernel     */
..\app\main.c(22): warning:  #167-D: argument of type "void *" is incompatible with parameter of type "void (*)(void)"
      tsk1 = os_tsk_create ((void *)task1, 5);
..\app\main.c(23): warning:  #167-D: argument of type "void *" is incompatible with parameter of type "void (*)(void)"
      tsk2 = os_tsk_create ((void *)task2, 10);
..\app\main.c(48): warning:  #177-D: variable "test_data" was declared but never referenced
      uint8_t test_data = 0;
..\app\main.c(43): warning:  #177-D: variable "buffer" was declared but never referenced
  static uint8_t buffer[512];
..\app\main.c: 5 warnings, 0 errors
compiling stm32f10x_it.c...
compiling system_stm32f10x.c...
compiling hal_clk.c...
compiling hal_led.c...
compiling hal_uart.c...
..\drv\hal_uart.c(28): warning:  #177-D: variable "NVIC_InitStructure" was declared but never referenced
      NVIC_InitTypeDef NVIC_InitStructure;
..\drv\hal_uart.c(231): warning:  #940-D: missing return statement at end of non-void function "hal_uart_write_data_DMA"
  }
..\drv\hal_uart.c(245): warning:  #940-D: missing return statement at end of non-void function "hal_uart_read_data_DMA"
  }
..\drv\hal_uart.c: 3 warnings, 0 errors
compiling hal_nvic.c...
..\drv\hal_nvic.c(1): warning:  #1-D: last line of file ends without a newline
  #include "hal_nvic.h"
..\drv\hal_nvic.c: 1 warning, 0 errors
compiling hal_gpio.c...
..\drv\hal_gpio.c(9): warning:  #1-D: last line of file ends without a newline
  *****************************************************************************/
..\drv\hal_gpio.c: 1 warning, 0 errors
compiling misc.c...
compiling stm32f10x_adc.c...
compiling stm32f10x_bkp.c...
compiling stm32f10x_can.c...
compiling stm32f10x_cec.c...
compiling stm32f10x_crc.c...
compiling stm32f10x_dac.c...
compiling stm32f10x_dbgmcu.c...
compiling stm32f10x_dma.c...
compiling stm32f10x_exti.c...
compiling stm32f10x_flash.c...
compiling stm32f10x_fsmc.c...
compiling stm32f10x_gpio.c...
compiling stm32f10x_i2c.c...
compiling stm32f10x_iwdg.c...
compiling stm32f10x_pwr.c...
compiling stm32f10x_rcc.c...
compiling stm32f10x_rtc.c...
compiling stm32f10x_sdio.c...
compiling stm32f10x_spi.c...
compiling stm32f10x_tim.c...
compiling stm32f10x_usart.c...
compiling stm32f10x_wwdg.c...
compiling RTX_Conf_CM.c...
linking...
Program Size: Code=5336 RO-data=380 RW-data=76 ZI-data=6556  
FromELF: creating hex file...
"..\out\project.axf" - 0 Error(s), 10 Warning(s).
</pre>
</body>
</html>
